// Jest Snapshot v1, https://goo.gl/fbAQLP

exports[`pds admin get moderation action view gets moderation action for a record. 1`] = `
Object {
  "action": "com.atproto.admin.defs#takedown",
  "createdAt": "1970-01-01T00:00:00.000Z",
  "createdBy": "did:example:admin",
  "id": 2,
  "reason": "X",
  "resolvedReports": Array [
    Object {
      "createdAt": "1970-01-01T00:00:00.000Z",
      "id": 2,
      "reason": "defamation",
      "reasonType": "com.atproto.moderation.defs#reasonOther",
      "reportedBy": "user(1)",
      "resolvedByActionIds": Array [
        2,
        1,
      ],
      "subject": Object {
        "$type": "com.atproto.repo.strongRef",
        "cid": "cids(0)",
        "uri": "record(0)",
      },
    },
  ],
  "subject": Object {
    "$type": "com.atproto.admin.defs#recordView",
    "blobCids": Array [],
    "cid": "cids(0)",
    "indexedAt": "1970-01-01T00:00:00.000Z",
    "moderation": Object {
      "currentAction": Object {
        "action": "com.atproto.admin.defs#takedown",
        "id": 2,
      },
    },
    "repo": Object {
      "account": Object {
        "email": "alice@test.com",
      },
      "did": "user(0)",
      "handle": "alice.test",
      "indexedAt": "1970-01-01T00:00:00.000Z",
      "moderation": Object {},
      "relatedRecords": Array [
        Object {
          "$type": "app.bsky.actor.profile",
          "avatar": Object {
            "$type": "blob",
            "mimeType": "image/jpeg",
            "ref": Object {
              "$link": "cids(1)",
            },
            "size": 3976,
          },
          "description": "its me!",
          "displayName": "ali",
        },
      ],
    },
    "uri": "record(0)",
    "value": Object {
      "$type": "app.bsky.feed.post",
      "createdAt": "1970-01-01T00:00:00.000Z",
      "text": "hey there",
    },
  },
  "subjectBlobs": Array [],
}
`;

exports[`pds admin get moderation action view gets moderation action for a repo. 1`] = `
Object {
  "action": "com.atproto.admin.defs#flag",
  "createdAt": "1970-01-01T00:00:00.000Z",
  "createdBy": "did:example:admin",
  "id": 1,
  "reason": "X",
  "resolvedReports": Array [
    Object {
      "createdAt": "1970-01-01T00:00:00.000Z",
      "id": 2,
      "reason": "defamation",
      "reasonType": "com.atproto.moderation.defs#reasonOther",
      "reportedBy": "user(1)",
      "resolvedByActionIds": Array [
        2,
        1,
      ],
      "subject": Object {
        "$type": "com.atproto.repo.strongRef",
        "cid": "cids(1)",
        "uri": "record(0)",
      },
    },
    Object {
      "createdAt": "1970-01-01T00:00:00.000Z",
      "id": 1,
      "reasonType": "com.atproto.moderation.defs#reasonSpam",
      "reportedBy": "user(2)",
      "resolvedByActionIds": Array [
        1,
      ],
      "subject": Object {
        "$type": "com.atproto.admin.defs#repoRef",
        "did": "user(0)",
      },
    },
  ],
  "reversal": Object {
    "createdAt": "1970-01-01T00:00:00.000Z",
    "createdBy": "did:example:admin",
    "reason": "X",
  },
  "subject": Object {
    "$type": "com.atproto.admin.defs#repoView",
    "account": Object {
      "email": "alice@test.com",
    },
    "did": "user(0)",
    "handle": "alice.test",
    "indexedAt": "1970-01-01T00:00:00.000Z",
    "moderation": Object {},
    "relatedRecords": Array [
      Object {
        "$type": "app.bsky.actor.profile",
        "avatar": Object {
          "$type": "blob",
          "mimeType": "image/jpeg",
          "ref": Object {
            "$link": "cids(0)",
          },
          "size": 3976,
        },
        "description": "its me!",
        "displayName": "ali",
      },
    ],
  },
  "subjectBlobs": Array [],
}
`;
