// Jest Snapshot v1, https://goo.gl/fbAQLP

exports[`get-account-actions returns all subjects that were actioned on the caller's account 1`] = `
Array [
  Object {
    "createdAt": "1970-01-01T00:00:00.000Z",
    "modAction": "tools.ozone.history.defs#modActionPending",
    "status": "active",
    "subject": "record(0)",
  },
  Object {
    "createdAt": "1970-01-01T00:00:00.000Z",
    "modAction": "tools.ozone.history.defs#modActionPending",
    "status": "active",
    "subject": "user(0)",
  },
]
`;

exports[`get-account-actions returns all subjects that were actioned on the caller's account 2`] = `
Array [
  Object {
    "createdAt": "1970-01-01T00:00:00.000Z",
    "modAction": "tools.ozone.history.defs#modActionPending",
    "status": "active",
    "subject": "record(0)",
  },
  Object {
    "createdAt": "1970-01-01T00:00:00.000Z",
    "modAction": "tools.ozone.history.defs#modActionPending",
    "status": "active",
    "subject": "user(0)",
  },
]
`;

exports[`get-account-actions shows subject history for a specific subject 1`] = `
Array [
  Object {
    "createdAt": "1970-01-01T00:00:00.000Z",
    "event": Object {
      "$type": "tools.ozone.history.defs#eventResolve",
    },
    "isAutomated": false,
    "subject": "record(0)",
  },
  Object {
    "createdAt": "1970-01-01T00:00:00.000Z",
    "event": Object {
      "$type": "tools.ozone.history.defs#eventLabel",
      "createLabelVals": Array [
        "spam",
      ],
      "negateLabelVals": Array [],
    },
    "isAutomated": false,
    "subject": "record(0)",
  },
  Object {
    "createdAt": "1970-01-01T00:00:00.000Z",
    "event": Object {
      "$type": "tools.ozone.history.defs#eventReport",
      "reportType": "com.atproto.moderation.defs#reasonSpam",
    },
    "isAutomated": false,
    "subject": "record(0)",
  },
  Object {
    "createdAt": "1970-01-01T00:00:00.000Z",
    "event": Object {
      "$type": "tools.ozone.history.defs#eventReport",
      "reportType": "com.atproto.moderation.defs#reasonSpam",
    },
    "isAutomated": false,
    "subject": "record(0)",
  },
]
`;
