// Jest Snapshot v1, https://goo.gl/fbAQLP

exports[`admin get record view gets a record by uri and cid. 1`] = `
Object {
  "blobCids": Array [],
  "blobs": Array [],
  "cid": "cids(0)",
  "indexedAt": "1970-01-01T00:00:00.000Z",
  "labels": Array [
    Object {
      "cid": "cids(0)",
      "cts": "1970-01-01T00:00:00.000Z",
      "neg": false,
      "src": "user(0)",
      "uri": "record(0)",
      "val": "self-label",
    },
  ],
  "moderation": Object {
    "subjectStatus": Object {
      "createdAt": "1970-01-01T00:00:00.000Z",
      "id": 1,
      "lastReportedAt": "1970-01-01T00:00:00.000Z",
      "lastReviewedAt": "1970-01-01T00:00:00.000Z",
      "lastReviewedBy": "did:example:admin",
      "reviewState": "com.atproto.admin.defs#reviewClosed",
      "subject": Object {
        "$type": "com.atproto.repo.strongRef",
        "cid": "cids(0)",
        "uri": "record(0)",
      },
      "subjectBlobCids": Array [],
      "subjectRepoHandle": "alice.test",
      "takendown": true,
      "updatedAt": "1970-01-01T00:00:00.000Z",
    },
  },
  "repo": Object {
    "did": "user(0)",
    "email": "alice@test.com",
    "handle": "alice.test",
    "indexedAt": "1970-01-01T00:00:00.000Z",
    "invitesDisabled": false,
    "moderation": Object {},
    "relatedRecords": Array [
      Object {
        "$type": "app.bsky.actor.profile",
        "avatar": Object {
          "$type": "blob",
          "mimeType": "image/jpeg",
          "ref": Object {
            "$link": "cids(1)",
          },
          "size": 3976,
        },
        "description": "its me!",
        "displayName": "ali",
        "labels": Object {
          "$type": "com.atproto.label.defs#selfLabels",
          "values": Array [
            Object {
              "val": "self-label-a",
            },
            Object {
              "val": "self-label-b",
            },
          ],
        },
      },
    ],
  },
  "uri": "record(0)",
  "value": Object {
    "$type": "app.bsky.feed.post",
    "createdAt": "1970-01-01T00:00:00.000Z",
    "labels": Object {
      "$type": "com.atproto.label.defs#selfLabels",
      "values": Array [
        Object {
          "val": "self-label",
        },
      ],
    },
    "text": "hey there",
  },
}
`;

exports[`admin get record view gets a record by uri, even when taken down. 1`] = `
Object {
  "blobCids": Array [],
  "blobs": Array [],
  "cid": "cids(0)",
  "indexedAt": "1970-01-01T00:00:00.000Z",
  "labels": Array [
    Object {
      "cid": "cids(0)",
      "cts": "1970-01-01T00:00:00.000Z",
      "neg": false,
      "src": "user(0)",
      "uri": "record(0)",
      "val": "self-label",
    },
  ],
  "moderation": Object {
    "subjectStatus": Object {
      "createdAt": "1970-01-01T00:00:00.000Z",
      "id": 1,
      "lastReportedAt": "1970-01-01T00:00:00.000Z",
      "lastReviewedAt": "1970-01-01T00:00:00.000Z",
      "lastReviewedBy": "did:example:admin",
      "reviewState": "com.atproto.admin.defs#reviewClosed",
      "subject": Object {
        "$type": "com.atproto.repo.strongRef",
        "cid": "cids(0)",
        "uri": "record(0)",
      },
      "subjectBlobCids": Array [],
      "subjectRepoHandle": "alice.test",
      "takendown": true,
      "updatedAt": "1970-01-01T00:00:00.000Z",
    },
  },
  "repo": Object {
    "did": "user(0)",
    "email": "alice@test.com",
    "handle": "alice.test",
    "indexedAt": "1970-01-01T00:00:00.000Z",
    "invitesDisabled": false,
    "moderation": Object {},
    "relatedRecords": Array [
      Object {
        "$type": "app.bsky.actor.profile",
        "avatar": Object {
          "$type": "blob",
          "mimeType": "image/jpeg",
          "ref": Object {
            "$link": "cids(1)",
          },
          "size": 3976,
        },
        "description": "its me!",
        "displayName": "ali",
        "labels": Object {
          "$type": "com.atproto.label.defs#selfLabels",
          "values": Array [
            Object {
              "val": "self-label-a",
            },
            Object {
              "val": "self-label-b",
            },
          ],
        },
      },
    ],
  },
  "uri": "record(0)",
  "value": Object {
    "$type": "app.bsky.feed.post",
    "createdAt": "1970-01-01T00:00:00.000Z",
    "labels": Object {
      "$type": "com.atproto.label.defs#selfLabels",
      "values": Array [
        Object {
          "val": "self-label",
        },
      ],
    },
    "text": "hey there",
  },
}
`;
