// Jest Snapshot v1, https://goo.gl/fbAQLP

exports[`pds assertion views fetches assertions by author & subject 1`] = `
Object {
  "assertions": Array [
    Object {
      "assertion": "app.bsky.graph.assertMember",
      "author": Object {
        "declaration": Object {
          "actorType": "app.bsky.system.actorScene",
          "cid": "cids(2)",
        },
        "did": "user(0)",
        "displayName": "besties",
        "handle": "scene.test",
      },
      "cid": "cids(0)",
      "confirmation": Object {
        "cid": "cids(1)",
        "createdAt": "1970-01-01T00:00:00.000Z",
        "indexedAt": "1970-01-01T00:00:00.000Z",
        "uri": "record(1)",
      },
      "createdAt": "1970-01-01T00:00:00.000Z",
      "indexedAt": "1970-01-01T00:00:00.000Z",
      "subject": Object {
        "declaration": Object {
          "actorType": "app.bsky.system.actorUser",
          "cid": "cids(3)",
        },
        "did": "user(1)",
        "displayName": "ali",
        "handle": "alice.test",
      },
      "uri": "record(0)",
    },
  ],
  "cursor": "1970-01-01T00:00:00.000Z",
}
`;

exports[`pds assertion views fetches assertions by author 1`] = `
Object {
  "assertions": Array [
    Object {
      "assertion": "app.bsky.graph.assertMember",
      "author": Object {
        "declaration": Object {
          "actorType": "app.bsky.system.actorScene",
          "cid": "cids(2)",
        },
        "did": "user(0)",
        "displayName": "besties",
        "handle": "scene.test",
      },
      "cid": "cids(0)",
      "confirmation": Object {
        "cid": "cids(1)",
        "createdAt": "1970-01-01T00:00:00.000Z",
        "indexedAt": "1970-01-01T00:00:00.000Z",
        "uri": "record(1)",
      },
      "createdAt": "1970-01-01T00:00:00.000Z",
      "indexedAt": "1970-01-01T00:00:00.000Z",
      "subject": Object {
        "declaration": Object {
          "actorType": "app.bsky.system.actorUser",
          "cid": "cids(3)",
        },
        "did": "user(1)",
        "handle": "dan.test",
      },
      "uri": "record(0)",
    },
    Object {
      "assertion": "app.bsky.graph.assertMember",
      "author": Object {
        "declaration": Object {
          "actorType": "app.bsky.system.actorScene",
          "cid": "cids(2)",
        },
        "did": "user(0)",
        "displayName": "besties",
        "handle": "scene.test",
      },
      "cid": "cids(4)",
      "confirmation": Object {
        "cid": "cids(5)",
        "createdAt": "1970-01-01T00:00:00.000Z",
        "indexedAt": "1970-01-01T00:00:00.000Z",
        "uri": "record(3)",
      },
      "createdAt": "1970-01-01T00:00:00.000Z",
      "indexedAt": "1970-01-01T00:00:00.000Z",
      "subject": Object {
        "declaration": Object {
          "actorType": "app.bsky.system.actorUser",
          "cid": "cids(3)",
        },
        "did": "user(2)",
        "handle": "carol.test",
      },
      "uri": "record(2)",
    },
    Object {
      "assertion": "app.bsky.graph.assertMember",
      "author": Object {
        "declaration": Object {
          "actorType": "app.bsky.system.actorScene",
          "cid": "cids(2)",
        },
        "did": "user(0)",
        "displayName": "besties",
        "handle": "scene.test",
      },
      "cid": "cids(6)",
      "confirmation": Object {
        "cid": "cids(7)",
        "createdAt": "1970-01-01T00:00:00.000Z",
        "indexedAt": "1970-01-01T00:00:00.000Z",
        "uri": "record(5)",
      },
      "createdAt": "1970-01-01T00:00:00.000Z",
      "indexedAt": "1970-01-01T00:00:00.000Z",
      "subject": Object {
        "declaration": Object {
          "actorType": "app.bsky.system.actorUser",
          "cid": "cids(3)",
        },
        "did": "user(3)",
        "displayName": "ali",
        "handle": "alice.test",
      },
      "uri": "record(4)",
    },
    Object {
      "assertion": "app.bsky.graph.assertMember",
      "author": Object {
        "declaration": Object {
          "actorType": "app.bsky.system.actorScene",
          "cid": "cids(2)",
        },
        "did": "user(0)",
        "displayName": "besties",
        "handle": "scene.test",
      },
      "cid": "cids(8)",
      "confirmation": Object {
        "cid": "cids(9)",
        "createdAt": "1970-01-01T00:00:00.000Z",
        "indexedAt": "1970-01-01T00:00:00.000Z",
        "uri": "record(7)",
      },
      "createdAt": "1970-01-01T00:00:00.000Z",
      "indexedAt": "1970-01-01T00:00:00.000Z",
      "subject": Object {
        "declaration": Object {
          "actorType": "app.bsky.system.actorUser",
          "cid": "cids(3)",
        },
        "did": "user(4)",
        "displayName": "bobby",
        "handle": "bob.test",
      },
      "uri": "record(6)",
    },
    Object {
      "assertion": "app.bsky.graph.assertCreator",
      "author": Object {
        "declaration": Object {
          "actorType": "app.bsky.system.actorScene",
          "cid": "cids(2)",
        },
        "did": "user(0)",
        "displayName": "besties",
        "handle": "scene.test",
      },
      "cid": "cids(10)",
      "confirmation": Object {
        "cid": "cids(11)",
        "createdAt": "1970-01-01T00:00:00.000Z",
        "indexedAt": "1970-01-01T00:00:00.000Z",
        "uri": "record(9)",
      },
      "createdAt": "1970-01-01T00:00:00.000Z",
      "indexedAt": "1970-01-01T00:00:00.000Z",
      "subject": Object {
        "declaration": Object {
          "actorType": "app.bsky.system.actorUser",
          "cid": "cids(3)",
        },
        "did": "user(4)",
        "displayName": "bobby",
        "handle": "bob.test",
      },
      "uri": "record(8)",
    },
  ],
  "cursor": "1970-01-01T00:00:00.000Z",
}
`;

exports[`pds assertion views fetches assertions by author 2`] = `
Object {
  "assertions": Array [
    Object {
      "assertion": "app.bsky.graph.assertMember",
      "author": Object {
        "declaration": Object {
          "actorType": "app.bsky.system.actorScene",
          "cid": "cids(1)",
        },
        "did": "user(0)",
        "handle": "other-scene.test",
      },
      "cid": "cids(0)",
      "createdAt": "1970-01-01T00:00:00.000Z",
      "indexedAt": "1970-01-01T00:00:00.000Z",
      "subject": Object {
        "declaration": Object {
          "actorType": "app.bsky.system.actorUser",
          "cid": "cids(2)",
        },
        "did": "user(1)",
        "handle": "carol.test",
      },
      "uri": "record(0)",
    },
    Object {
      "assertion": "app.bsky.graph.assertMember",
      "author": Object {
        "declaration": Object {
          "actorType": "app.bsky.system.actorScene",
          "cid": "cids(1)",
        },
        "did": "user(0)",
        "handle": "other-scene.test",
      },
      "cid": "cids(3)",
      "createdAt": "1970-01-01T00:00:00.000Z",
      "indexedAt": "1970-01-01T00:00:00.000Z",
      "subject": Object {
        "declaration": Object {
          "actorType": "app.bsky.system.actorUser",
          "cid": "cids(2)",
        },
        "did": "user(2)",
        "displayName": "ali",
        "handle": "alice.test",
      },
      "uri": "record(1)",
    },
    Object {
      "assertion": "app.bsky.graph.assertMember",
      "author": Object {
        "declaration": Object {
          "actorType": "app.bsky.system.actorScene",
          "cid": "cids(1)",
        },
        "did": "user(0)",
        "handle": "other-scene.test",
      },
      "cid": "cids(4)",
      "confirmation": Object {
        "cid": "cids(5)",
        "createdAt": "1970-01-01T00:00:00.000Z",
        "indexedAt": "1970-01-01T00:00:00.000Z",
        "uri": "record(3)",
      },
      "createdAt": "1970-01-01T00:00:00.000Z",
      "indexedAt": "1970-01-01T00:00:00.000Z",
      "subject": Object {
        "declaration": Object {
          "actorType": "app.bsky.system.actorUser",
          "cid": "cids(2)",
        },
        "did": "user(3)",
        "displayName": "bobby",
        "handle": "bob.test",
      },
      "uri": "record(2)",
    },
    Object {
      "assertion": "app.bsky.graph.assertCreator",
      "author": Object {
        "declaration": Object {
          "actorType": "app.bsky.system.actorScene",
          "cid": "cids(1)",
        },
        "did": "user(0)",
        "handle": "other-scene.test",
      },
      "cid": "cids(6)",
      "confirmation": Object {
        "cid": "cids(7)",
        "createdAt": "1970-01-01T00:00:00.000Z",
        "indexedAt": "1970-01-01T00:00:00.000Z",
        "uri": "record(5)",
      },
      "createdAt": "1970-01-01T00:00:00.000Z",
      "indexedAt": "1970-01-01T00:00:00.000Z",
      "subject": Object {
        "declaration": Object {
          "actorType": "app.bsky.system.actorUser",
          "cid": "cids(2)",
        },
        "did": "user(3)",
        "displayName": "bobby",
        "handle": "bob.test",
      },
      "uri": "record(4)",
    },
  ],
  "cursor": "1970-01-01T00:00:00.000Z",
}
`;

exports[`pds assertion views fetches assertions by author 3`] = `
Object {
  "assertions": Array [
    Object {
      "assertion": "app.bsky.graph.assertMember",
      "author": Object {
        "declaration": Object {
          "actorType": "app.bsky.system.actorScene",
          "cid": "cids(2)",
        },
        "did": "user(0)",
        "handle": "carol-scene.test",
      },
      "cid": "cids(0)",
      "confirmation": Object {
        "cid": "cids(1)",
        "createdAt": "1970-01-01T00:00:00.000Z",
        "indexedAt": "1970-01-01T00:00:00.000Z",
        "uri": "record(1)",
      },
      "createdAt": "1970-01-01T00:00:00.000Z",
      "indexedAt": "1970-01-01T00:00:00.000Z",
      "subject": Object {
        "declaration": Object {
          "actorType": "app.bsky.system.actorUser",
          "cid": "cids(3)",
        },
        "did": "user(1)",
        "handle": "dan.test",
      },
      "uri": "record(0)",
    },
    Object {
      "assertion": "app.bsky.graph.assertMember",
      "author": Object {
        "declaration": Object {
          "actorType": "app.bsky.system.actorScene",
          "cid": "cids(2)",
        },
        "did": "user(0)",
        "handle": "carol-scene.test",
      },
      "cid": "cids(4)",
      "createdAt": "1970-01-01T00:00:00.000Z",
      "indexedAt": "1970-01-01T00:00:00.000Z",
      "subject": Object {
        "declaration": Object {
          "actorType": "app.bsky.system.actorUser",
          "cid": "cids(3)",
        },
        "did": "user(2)",
        "displayName": "bobby",
        "handle": "bob.test",
      },
      "uri": "record(2)",
    },
    Object {
      "assertion": "app.bsky.graph.assertMember",
      "author": Object {
        "declaration": Object {
          "actorType": "app.bsky.system.actorScene",
          "cid": "cids(2)",
        },
        "did": "user(0)",
        "handle": "carol-scene.test",
      },
      "cid": "cids(5)",
      "confirmation": Object {
        "cid": "cids(6)",
        "createdAt": "1970-01-01T00:00:00.000Z",
        "indexedAt": "1970-01-01T00:00:00.000Z",
        "uri": "record(4)",
      },
      "createdAt": "1970-01-01T00:00:00.000Z",
      "indexedAt": "1970-01-01T00:00:00.000Z",
      "subject": Object {
        "declaration": Object {
          "actorType": "app.bsky.system.actorUser",
          "cid": "cids(3)",
        },
        "did": "user(3)",
        "displayName": "ali",
        "handle": "alice.test",
      },
      "uri": "record(3)",
    },
    Object {
      "assertion": "app.bsky.graph.assertMember",
      "author": Object {
        "declaration": Object {
          "actorType": "app.bsky.system.actorScene",
          "cid": "cids(2)",
        },
        "did": "user(0)",
        "handle": "carol-scene.test",
      },
      "cid": "cids(7)",
      "confirmation": Object {
        "cid": "cids(8)",
        "createdAt": "1970-01-01T00:00:00.000Z",
        "indexedAt": "1970-01-01T00:00:00.000Z",
        "uri": "record(6)",
      },
      "createdAt": "1970-01-01T00:00:00.000Z",
      "indexedAt": "1970-01-01T00:00:00.000Z",
      "subject": Object {
        "declaration": Object {
          "actorType": "app.bsky.system.actorUser",
          "cid": "cids(3)",
        },
        "did": "user(4)",
        "handle": "carol.test",
      },
      "uri": "record(5)",
    },
    Object {
      "assertion": "app.bsky.graph.assertCreator",
      "author": Object {
        "declaration": Object {
          "actorType": "app.bsky.system.actorScene",
          "cid": "cids(2)",
        },
        "did": "user(0)",
        "handle": "carol-scene.test",
      },
      "cid": "cids(9)",
      "confirmation": Object {
        "cid": "cids(10)",
        "createdAt": "1970-01-01T00:00:00.000Z",
        "indexedAt": "1970-01-01T00:00:00.000Z",
        "uri": "record(8)",
      },
      "createdAt": "1970-01-01T00:00:00.000Z",
      "indexedAt": "1970-01-01T00:00:00.000Z",
      "subject": Object {
        "declaration": Object {
          "actorType": "app.bsky.system.actorUser",
          "cid": "cids(3)",
        },
        "did": "user(4)",
        "handle": "carol.test",
      },
      "uri": "record(7)",
    },
  ],
  "cursor": "1970-01-01T00:00:00.000Z",
}
`;

exports[`pds assertion views fetches assertions by author filtered by confirmation status 1`] = `
Object {
  "assertions": Array [
    Object {
      "assertion": "app.bsky.graph.assertMember",
      "author": Object {
        "declaration": Object {
          "actorType": "app.bsky.system.actorScene",
          "cid": "cids(2)",
        },
        "did": "user(0)",
        "displayName": "besties",
        "handle": "scene.test",
      },
      "cid": "cids(0)",
      "confirmation": Object {
        "cid": "cids(1)",
        "createdAt": "1970-01-01T00:00:00.000Z",
        "indexedAt": "1970-01-01T00:00:00.000Z",
        "uri": "record(1)",
      },
      "createdAt": "1970-01-01T00:00:00.000Z",
      "indexedAt": "1970-01-01T00:00:00.000Z",
      "subject": Object {
        "declaration": Object {
          "actorType": "app.bsky.system.actorUser",
          "cid": "cids(3)",
        },
        "did": "user(1)",
        "handle": "dan.test",
      },
      "uri": "record(0)",
    },
    Object {
      "assertion": "app.bsky.graph.assertMember",
      "author": Object {
        "declaration": Object {
          "actorType": "app.bsky.system.actorScene",
          "cid": "cids(2)",
        },
        "did": "user(0)",
        "displayName": "besties",
        "handle": "scene.test",
      },
      "cid": "cids(4)",
      "confirmation": Object {
        "cid": "cids(5)",
        "createdAt": "1970-01-01T00:00:00.000Z",
        "indexedAt": "1970-01-01T00:00:00.000Z",
        "uri": "record(3)",
      },
      "createdAt": "1970-01-01T00:00:00.000Z",
      "indexedAt": "1970-01-01T00:00:00.000Z",
      "subject": Object {
        "declaration": Object {
          "actorType": "app.bsky.system.actorUser",
          "cid": "cids(3)",
        },
        "did": "user(2)",
        "handle": "carol.test",
      },
      "uri": "record(2)",
    },
    Object {
      "assertion": "app.bsky.graph.assertMember",
      "author": Object {
        "declaration": Object {
          "actorType": "app.bsky.system.actorScene",
          "cid": "cids(2)",
        },
        "did": "user(0)",
        "displayName": "besties",
        "handle": "scene.test",
      },
      "cid": "cids(6)",
      "confirmation": Object {
        "cid": "cids(7)",
        "createdAt": "1970-01-01T00:00:00.000Z",
        "indexedAt": "1970-01-01T00:00:00.000Z",
        "uri": "record(5)",
      },
      "createdAt": "1970-01-01T00:00:00.000Z",
      "indexedAt": "1970-01-01T00:00:00.000Z",
      "subject": Object {
        "declaration": Object {
          "actorType": "app.bsky.system.actorUser",
          "cid": "cids(3)",
        },
        "did": "user(3)",
        "displayName": "ali",
        "handle": "alice.test",
      },
      "uri": "record(4)",
    },
    Object {
      "assertion": "app.bsky.graph.assertMember",
      "author": Object {
        "declaration": Object {
          "actorType": "app.bsky.system.actorScene",
          "cid": "cids(2)",
        },
        "did": "user(0)",
        "displayName": "besties",
        "handle": "scene.test",
      },
      "cid": "cids(8)",
      "confirmation": Object {
        "cid": "cids(9)",
        "createdAt": "1970-01-01T00:00:00.000Z",
        "indexedAt": "1970-01-01T00:00:00.000Z",
        "uri": "record(7)",
      },
      "createdAt": "1970-01-01T00:00:00.000Z",
      "indexedAt": "1970-01-01T00:00:00.000Z",
      "subject": Object {
        "declaration": Object {
          "actorType": "app.bsky.system.actorUser",
          "cid": "cids(3)",
        },
        "did": "user(4)",
        "displayName": "bobby",
        "handle": "bob.test",
      },
      "uri": "record(6)",
    },
    Object {
      "assertion": "app.bsky.graph.assertCreator",
      "author": Object {
        "declaration": Object {
          "actorType": "app.bsky.system.actorScene",
          "cid": "cids(2)",
        },
        "did": "user(0)",
        "displayName": "besties",
        "handle": "scene.test",
      },
      "cid": "cids(10)",
      "confirmation": Object {
        "cid": "cids(11)",
        "createdAt": "1970-01-01T00:00:00.000Z",
        "indexedAt": "1970-01-01T00:00:00.000Z",
        "uri": "record(9)",
      },
      "createdAt": "1970-01-01T00:00:00.000Z",
      "indexedAt": "1970-01-01T00:00:00.000Z",
      "subject": Object {
        "declaration": Object {
          "actorType": "app.bsky.system.actorUser",
          "cid": "cids(3)",
        },
        "did": "user(4)",
        "displayName": "bobby",
        "handle": "bob.test",
      },
      "uri": "record(8)",
    },
  ],
  "cursor": "1970-01-01T00:00:00.000Z",
}
`;

exports[`pds assertion views fetches assertions by author filtered by confirmation status 2`] = `
Object {
  "assertions": Array [],
}
`;

exports[`pds assertion views fetches assertions by author filtered by confirmation status 3`] = `
Object {
  "assertions": Array [
    Object {
      "assertion": "app.bsky.graph.assertMember",
      "author": Object {
        "declaration": Object {
          "actorType": "app.bsky.system.actorScene",
          "cid": "cids(2)",
        },
        "did": "user(0)",
        "handle": "other-scene.test",
      },
      "cid": "cids(0)",
      "confirmation": Object {
        "cid": "cids(1)",
        "createdAt": "1970-01-01T00:00:00.000Z",
        "indexedAt": "1970-01-01T00:00:00.000Z",
        "uri": "record(1)",
      },
      "createdAt": "1970-01-01T00:00:00.000Z",
      "indexedAt": "1970-01-01T00:00:00.000Z",
      "subject": Object {
        "declaration": Object {
          "actorType": "app.bsky.system.actorUser",
          "cid": "cids(3)",
        },
        "did": "user(1)",
        "displayName": "bobby",
        "handle": "bob.test",
      },
      "uri": "record(0)",
    },
    Object {
      "assertion": "app.bsky.graph.assertCreator",
      "author": Object {
        "declaration": Object {
          "actorType": "app.bsky.system.actorScene",
          "cid": "cids(2)",
        },
        "did": "user(0)",
        "handle": "other-scene.test",
      },
      "cid": "cids(4)",
      "confirmation": Object {
        "cid": "cids(5)",
        "createdAt": "1970-01-01T00:00:00.000Z",
        "indexedAt": "1970-01-01T00:00:00.000Z",
        "uri": "record(3)",
      },
      "createdAt": "1970-01-01T00:00:00.000Z",
      "indexedAt": "1970-01-01T00:00:00.000Z",
      "subject": Object {
        "declaration": Object {
          "actorType": "app.bsky.system.actorUser",
          "cid": "cids(3)",
        },
        "did": "user(1)",
        "displayName": "bobby",
        "handle": "bob.test",
      },
      "uri": "record(2)",
    },
  ],
  "cursor": "1970-01-01T00:00:00.000Z",
}
`;

exports[`pds assertion views fetches assertions by author filtered by confirmation status 4`] = `
Object {
  "assertions": Array [
    Object {
      "assertion": "app.bsky.graph.assertMember",
      "author": Object {
        "declaration": Object {
          "actorType": "app.bsky.system.actorScene",
          "cid": "cids(1)",
        },
        "did": "user(0)",
        "handle": "other-scene.test",
      },
      "cid": "cids(0)",
      "createdAt": "1970-01-01T00:00:00.000Z",
      "indexedAt": "1970-01-01T00:00:00.000Z",
      "subject": Object {
        "declaration": Object {
          "actorType": "app.bsky.system.actorUser",
          "cid": "cids(2)",
        },
        "did": "user(1)",
        "handle": "carol.test",
      },
      "uri": "record(0)",
    },
    Object {
      "assertion": "app.bsky.graph.assertMember",
      "author": Object {
        "declaration": Object {
          "actorType": "app.bsky.system.actorScene",
          "cid": "cids(1)",
        },
        "did": "user(0)",
        "handle": "other-scene.test",
      },
      "cid": "cids(3)",
      "createdAt": "1970-01-01T00:00:00.000Z",
      "indexedAt": "1970-01-01T00:00:00.000Z",
      "subject": Object {
        "declaration": Object {
          "actorType": "app.bsky.system.actorUser",
          "cid": "cids(2)",
        },
        "did": "user(2)",
        "displayName": "ali",
        "handle": "alice.test",
      },
      "uri": "record(1)",
    },
  ],
  "cursor": "1970-01-01T00:00:00.000Z",
}
`;

exports[`pds assertion views fetches assertions by author filtered by confirmation status 5`] = `
Object {
  "assertions": Array [
    Object {
      "assertion": "app.bsky.graph.assertMember",
      "author": Object {
        "declaration": Object {
          "actorType": "app.bsky.system.actorScene",
          "cid": "cids(2)",
        },
        "did": "user(0)",
        "handle": "carol-scene.test",
      },
      "cid": "cids(0)",
      "confirmation": Object {
        "cid": "cids(1)",
        "createdAt": "1970-01-01T00:00:00.000Z",
        "indexedAt": "1970-01-01T00:00:00.000Z",
        "uri": "record(1)",
      },
      "createdAt": "1970-01-01T00:00:00.000Z",
      "indexedAt": "1970-01-01T00:00:00.000Z",
      "subject": Object {
        "declaration": Object {
          "actorType": "app.bsky.system.actorUser",
          "cid": "cids(3)",
        },
        "did": "user(1)",
        "handle": "dan.test",
      },
      "uri": "record(0)",
    },
    Object {
      "assertion": "app.bsky.graph.assertMember",
      "author": Object {
        "declaration": Object {
          "actorType": "app.bsky.system.actorScene",
          "cid": "cids(2)",
        },
        "did": "user(0)",
        "handle": "carol-scene.test",
      },
      "cid": "cids(4)",
      "confirmation": Object {
        "cid": "cids(5)",
        "createdAt": "1970-01-01T00:00:00.000Z",
        "indexedAt": "1970-01-01T00:00:00.000Z",
        "uri": "record(3)",
      },
      "createdAt": "1970-01-01T00:00:00.000Z",
      "indexedAt": "1970-01-01T00:00:00.000Z",
      "subject": Object {
        "declaration": Object {
          "actorType": "app.bsky.system.actorUser",
          "cid": "cids(3)",
        },
        "did": "user(2)",
        "displayName": "ali",
        "handle": "alice.test",
      },
      "uri": "record(2)",
    },
    Object {
      "assertion": "app.bsky.graph.assertMember",
      "author": Object {
        "declaration": Object {
          "actorType": "app.bsky.system.actorScene",
          "cid": "cids(2)",
        },
        "did": "user(0)",
        "handle": "carol-scene.test",
      },
      "cid": "cids(6)",
      "confirmation": Object {
        "cid": "cids(7)",
        "createdAt": "1970-01-01T00:00:00.000Z",
        "indexedAt": "1970-01-01T00:00:00.000Z",
        "uri": "record(5)",
      },
      "createdAt": "1970-01-01T00:00:00.000Z",
      "indexedAt": "1970-01-01T00:00:00.000Z",
      "subject": Object {
        "declaration": Object {
          "actorType": "app.bsky.system.actorUser",
          "cid": "cids(3)",
        },
        "did": "user(3)",
        "handle": "carol.test",
      },
      "uri": "record(4)",
    },
    Object {
      "assertion": "app.bsky.graph.assertCreator",
      "author": Object {
        "declaration": Object {
          "actorType": "app.bsky.system.actorScene",
          "cid": "cids(2)",
        },
        "did": "user(0)",
        "handle": "carol-scene.test",
      },
      "cid": "cids(8)",
      "confirmation": Object {
        "cid": "cids(9)",
        "createdAt": "1970-01-01T00:00:00.000Z",
        "indexedAt": "1970-01-01T00:00:00.000Z",
        "uri": "record(7)",
      },
      "createdAt": "1970-01-01T00:00:00.000Z",
      "indexedAt": "1970-01-01T00:00:00.000Z",
      "subject": Object {
        "declaration": Object {
          "actorType": "app.bsky.system.actorUser",
          "cid": "cids(3)",
        },
        "did": "user(3)",
        "handle": "carol.test",
      },
      "uri": "record(6)",
    },
  ],
  "cursor": "1970-01-01T00:00:00.000Z",
}
`;

exports[`pds assertion views fetches assertions by author filtered by confirmation status 6`] = `
Object {
  "assertions": Array [
    Object {
      "assertion": "app.bsky.graph.assertMember",
      "author": Object {
        "declaration": Object {
          "actorType": "app.bsky.system.actorScene",
          "cid": "cids(2)",
        },
        "did": "user(0)",
        "handle": "carol-scene.test",
      },
      "cid": "cids(0)",
      "confirmation": Object {
        "cid": "cids(1)",
        "createdAt": "1970-01-01T00:00:00.000Z",
        "indexedAt": "1970-01-01T00:00:00.000Z",
        "uri": "record(1)",
      },
      "createdAt": "1970-01-01T00:00:00.000Z",
      "indexedAt": "1970-01-01T00:00:00.000Z",
      "subject": Object {
        "declaration": Object {
          "actorType": "app.bsky.system.actorUser",
          "cid": "cids(3)",
        },
        "did": "user(1)",
        "handle": "dan.test",
      },
      "uri": "record(0)",
    },
    Object {
      "assertion": "app.bsky.graph.assertMember",
      "author": Object {
        "declaration": Object {
          "actorType": "app.bsky.system.actorScene",
          "cid": "cids(2)",
        },
        "did": "user(0)",
        "handle": "carol-scene.test",
      },
      "cid": "cids(4)",
      "confirmation": Object {
        "cid": "cids(5)",
        "createdAt": "1970-01-01T00:00:00.000Z",
        "indexedAt": "1970-01-01T00:00:00.000Z",
        "uri": "record(3)",
      },
      "createdAt": "1970-01-01T00:00:00.000Z",
      "indexedAt": "1970-01-01T00:00:00.000Z",
      "subject": Object {
        "declaration": Object {
          "actorType": "app.bsky.system.actorUser",
          "cid": "cids(3)",
        },
        "did": "user(2)",
        "displayName": "ali",
        "handle": "alice.test",
      },
      "uri": "record(2)",
    },
    Object {
      "assertion": "app.bsky.graph.assertMember",
      "author": Object {
        "declaration": Object {
          "actorType": "app.bsky.system.actorScene",
          "cid": "cids(2)",
        },
        "did": "user(0)",
        "handle": "carol-scene.test",
      },
      "cid": "cids(6)",
      "confirmation": Object {
        "cid": "cids(7)",
        "createdAt": "1970-01-01T00:00:00.000Z",
        "indexedAt": "1970-01-01T00:00:00.000Z",
        "uri": "record(5)",
      },
      "createdAt": "1970-01-01T00:00:00.000Z",
      "indexedAt": "1970-01-01T00:00:00.000Z",
      "subject": Object {
        "declaration": Object {
          "actorType": "app.bsky.system.actorUser",
          "cid": "cids(3)",
        },
        "did": "user(3)",
        "handle": "carol.test",
      },
      "uri": "record(4)",
    },
    Object {
      "assertion": "app.bsky.graph.assertCreator",
      "author": Object {
        "declaration": Object {
          "actorType": "app.bsky.system.actorScene",
          "cid": "cids(2)",
        },
        "did": "user(0)",
        "handle": "carol-scene.test",
      },
      "cid": "cids(8)",
      "confirmation": Object {
        "cid": "cids(9)",
        "createdAt": "1970-01-01T00:00:00.000Z",
        "indexedAt": "1970-01-01T00:00:00.000Z",
        "uri": "record(7)",
      },
      "createdAt": "1970-01-01T00:00:00.000Z",
      "indexedAt": "1970-01-01T00:00:00.000Z",
      "subject": Object {
        "declaration": Object {
          "actorType": "app.bsky.system.actorUser",
          "cid": "cids(3)",
        },
        "did": "user(3)",
        "handle": "carol.test",
      },
      "uri": "record(6)",
    },
  ],
  "cursor": "1970-01-01T00:00:00.000Z",
}
`;

exports[`pds assertion views fetches assertions by author filtered by type 1`] = `
Object {
  "assertions": Array [
    Object {
      "assertion": "app.bsky.graph.assertMember",
      "author": Object {
        "declaration": Object {
          "actorType": "app.bsky.system.actorScene",
          "cid": "cids(2)",
        },
        "did": "user(0)",
        "displayName": "besties",
        "handle": "scene.test",
      },
      "cid": "cids(0)",
      "confirmation": Object {
        "cid": "cids(1)",
        "createdAt": "1970-01-01T00:00:00.000Z",
        "indexedAt": "1970-01-01T00:00:00.000Z",
        "uri": "record(1)",
      },
      "createdAt": "1970-01-01T00:00:00.000Z",
      "indexedAt": "1970-01-01T00:00:00.000Z",
      "subject": Object {
        "declaration": Object {
          "actorType": "app.bsky.system.actorUser",
          "cid": "cids(3)",
        },
        "did": "user(1)",
        "handle": "dan.test",
      },
      "uri": "record(0)",
    },
    Object {
      "assertion": "app.bsky.graph.assertMember",
      "author": Object {
        "declaration": Object {
          "actorType": "app.bsky.system.actorScene",
          "cid": "cids(2)",
        },
        "did": "user(0)",
        "displayName": "besties",
        "handle": "scene.test",
      },
      "cid": "cids(4)",
      "confirmation": Object {
        "cid": "cids(5)",
        "createdAt": "1970-01-01T00:00:00.000Z",
        "indexedAt": "1970-01-01T00:00:00.000Z",
        "uri": "record(3)",
      },
      "createdAt": "1970-01-01T00:00:00.000Z",
      "indexedAt": "1970-01-01T00:00:00.000Z",
      "subject": Object {
        "declaration": Object {
          "actorType": "app.bsky.system.actorUser",
          "cid": "cids(3)",
        },
        "did": "user(2)",
        "handle": "carol.test",
      },
      "uri": "record(2)",
    },
    Object {
      "assertion": "app.bsky.graph.assertMember",
      "author": Object {
        "declaration": Object {
          "actorType": "app.bsky.system.actorScene",
          "cid": "cids(2)",
        },
        "did": "user(0)",
        "displayName": "besties",
        "handle": "scene.test",
      },
      "cid": "cids(6)",
      "confirmation": Object {
        "cid": "cids(7)",
        "createdAt": "1970-01-01T00:00:00.000Z",
        "indexedAt": "1970-01-01T00:00:00.000Z",
        "uri": "record(5)",
      },
      "createdAt": "1970-01-01T00:00:00.000Z",
      "indexedAt": "1970-01-01T00:00:00.000Z",
      "subject": Object {
        "declaration": Object {
          "actorType": "app.bsky.system.actorUser",
          "cid": "cids(3)",
        },
        "did": "user(3)",
        "displayName": "ali",
        "handle": "alice.test",
      },
      "uri": "record(4)",
    },
    Object {
      "assertion": "app.bsky.graph.assertMember",
      "author": Object {
        "declaration": Object {
          "actorType": "app.bsky.system.actorScene",
          "cid": "cids(2)",
        },
        "did": "user(0)",
        "displayName": "besties",
        "handle": "scene.test",
      },
      "cid": "cids(8)",
      "confirmation": Object {
        "cid": "cids(9)",
        "createdAt": "1970-01-01T00:00:00.000Z",
        "indexedAt": "1970-01-01T00:00:00.000Z",
        "uri": "record(7)",
      },
      "createdAt": "1970-01-01T00:00:00.000Z",
      "indexedAt": "1970-01-01T00:00:00.000Z",
      "subject": Object {
        "declaration": Object {
          "actorType": "app.bsky.system.actorUser",
          "cid": "cids(3)",
        },
        "did": "user(4)",
        "displayName": "bobby",
        "handle": "bob.test",
      },
      "uri": "record(6)",
    },
  ],
  "cursor": "1970-01-01T00:00:00.000Z",
}
`;

exports[`pds assertion views fetches assertions by author filtered by type 2`] = `
Object {
  "assertions": Array [
    Object {
      "assertion": "app.bsky.graph.assertCreator",
      "author": Object {
        "declaration": Object {
          "actorType": "app.bsky.system.actorScene",
          "cid": "cids(2)",
        },
        "did": "user(0)",
        "displayName": "besties",
        "handle": "scene.test",
      },
      "cid": "cids(0)",
      "confirmation": Object {
        "cid": "cids(1)",
        "createdAt": "1970-01-01T00:00:00.000Z",
        "indexedAt": "1970-01-01T00:00:00.000Z",
        "uri": "record(1)",
      },
      "createdAt": "1970-01-01T00:00:00.000Z",
      "indexedAt": "1970-01-01T00:00:00.000Z",
      "subject": Object {
        "declaration": Object {
          "actorType": "app.bsky.system.actorUser",
          "cid": "cids(3)",
        },
        "did": "user(1)",
        "displayName": "bobby",
        "handle": "bob.test",
      },
      "uri": "record(0)",
    },
  ],
  "cursor": "1970-01-01T00:00:00.000Z",
}
`;

exports[`pds assertion views fetches assertions by subject 1`] = `
Object {
  "assertions": Array [
    Object {
      "assertion": "app.bsky.graph.assertMember",
      "author": Object {
        "declaration": Object {
          "actorType": "app.bsky.system.actorScene",
          "cid": "cids(2)",
        },
        "did": "user(0)",
        "handle": "carol-scene.test",
      },
      "cid": "cids(0)",
      "confirmation": Object {
        "cid": "cids(1)",
        "createdAt": "1970-01-01T00:00:00.000Z",
        "indexedAt": "1970-01-01T00:00:00.000Z",
        "uri": "record(1)",
      },
      "createdAt": "1970-01-01T00:00:00.000Z",
      "indexedAt": "1970-01-01T00:00:00.000Z",
      "subject": Object {
        "declaration": Object {
          "actorType": "app.bsky.system.actorUser",
          "cid": "cids(3)",
        },
        "did": "user(1)",
        "displayName": "ali",
        "handle": "alice.test",
      },
      "uri": "record(0)",
    },
    Object {
      "assertion": "app.bsky.graph.assertMember",
      "author": Object {
        "declaration": Object {
          "actorType": "app.bsky.system.actorScene",
          "cid": "cids(2)",
        },
        "did": "user(2)",
        "handle": "other-scene.test",
      },
      "cid": "cids(4)",
      "createdAt": "1970-01-01T00:00:00.000Z",
      "indexedAt": "1970-01-01T00:00:00.000Z",
      "subject": Object {
        "declaration": Object {
          "actorType": "app.bsky.system.actorUser",
          "cid": "cids(3)",
        },
        "did": "user(1)",
        "displayName": "ali",
        "handle": "alice.test",
      },
      "uri": "record(2)",
    },
    Object {
      "assertion": "app.bsky.graph.assertMember",
      "author": Object {
        "declaration": Object {
          "actorType": "app.bsky.system.actorScene",
          "cid": "cids(2)",
        },
        "did": "user(3)",
        "handle": "alice-scene.test",
      },
      "cid": "cids(5)",
      "confirmation": Object {
        "cid": "cids(6)",
        "createdAt": "1970-01-01T00:00:00.000Z",
        "indexedAt": "1970-01-01T00:00:00.000Z",
        "uri": "record(4)",
      },
      "createdAt": "1970-01-01T00:00:00.000Z",
      "indexedAt": "1970-01-01T00:00:00.000Z",
      "subject": Object {
        "declaration": Object {
          "actorType": "app.bsky.system.actorUser",
          "cid": "cids(3)",
        },
        "did": "user(1)",
        "displayName": "ali",
        "handle": "alice.test",
      },
      "uri": "record(3)",
    },
    Object {
      "assertion": "app.bsky.graph.assertCreator",
      "author": Object {
        "declaration": Object {
          "actorType": "app.bsky.system.actorScene",
          "cid": "cids(2)",
        },
        "did": "user(3)",
        "handle": "alice-scene.test",
      },
      "cid": "cids(7)",
      "confirmation": Object {
        "cid": "cids(8)",
        "createdAt": "1970-01-01T00:00:00.000Z",
        "indexedAt": "1970-01-01T00:00:00.000Z",
        "uri": "record(6)",
      },
      "createdAt": "1970-01-01T00:00:00.000Z",
      "indexedAt": "1970-01-01T00:00:00.000Z",
      "subject": Object {
        "declaration": Object {
          "actorType": "app.bsky.system.actorUser",
          "cid": "cids(3)",
        },
        "did": "user(1)",
        "displayName": "ali",
        "handle": "alice.test",
      },
      "uri": "record(5)",
    },
    Object {
      "assertion": "app.bsky.graph.assertMember",
      "author": Object {
        "declaration": Object {
          "actorType": "app.bsky.system.actorScene",
          "cid": "cids(2)",
        },
        "did": "user(4)",
        "displayName": "besties",
        "handle": "scene.test",
      },
      "cid": "cids(9)",
      "confirmation": Object {
        "cid": "cids(10)",
        "createdAt": "1970-01-01T00:00:00.000Z",
        "indexedAt": "1970-01-01T00:00:00.000Z",
        "uri": "record(8)",
      },
      "createdAt": "1970-01-01T00:00:00.000Z",
      "indexedAt": "1970-01-01T00:00:00.000Z",
      "subject": Object {
        "declaration": Object {
          "actorType": "app.bsky.system.actorUser",
          "cid": "cids(3)",
        },
        "did": "user(1)",
        "displayName": "ali",
        "handle": "alice.test",
      },
      "uri": "record(7)",
    },
  ],
  "cursor": "1970-01-01T00:00:00.000Z",
}
`;
