// Jest Snapshot v1, https://goo.gl/fbAQLP

exports[`pds views with blocking blocks record embeds 1`] = `
Object {
  "thread": Object {
    "$type": "app.bsky.feed.defs#threadViewPost",
    "post": Object {
      "author": Object {
        "avatar": "https://pds.public.url/image/KzkHFsMRQ6oAKCHCRKFA1H-rDdc7VOtvEVpUJ82TwyQ/rs:fill:1000:1000:1:0/plain/bafkreiaivizp4xldojmmpuzmiu75cmea7nq56dnntnuhzhsjcb63aou5ei@jpeg",
        "did": "user(0)",
        "displayName": "ali",
        "handle": "alice.test",
        "labels": Array [
          Object {
            "cid": "cids(1)",
            "cts": "1970-01-01T00:00:00.000Z",
            "neg": false,
            "src": "user(0)",
            "uri": "record(2)",
            "val": "self-label-a",
          },
          Object {
            "cid": "cids(1)",
            "cts": "1970-01-01T00:00:00.000Z",
            "neg": false,
            "src": "user(0)",
            "uri": "record(2)",
            "val": "self-label-b",
          },
        ],
        "viewer": Object {
          "blockedBy": false,
          "followedBy": "record(1)",
          "muted": false,
        },
      },
      "cid": "cids(0)",
      "embed": Object {
        "$type": "app.bsky.embed.record#view",
        "record": Object {
          "$type": "app.bsky.embed.record#viewRecord",
          "author": Object {
            "did": "user(1)",
            "handle": "dan.test",
            "labels": Array [
              Object {
                "cts": "1970-01-01T00:00:00.000Z",
                "neg": false,
                "src": "did:example:labeler",
                "uri": "user(1)",
                "val": "repo-action-label",
              },
            ],
            "viewer": Object {
              "blockedBy": false,
              "muted": false,
            },
          },
          "cid": "cids(2)",
          "embeds": Array [
            Object {
              "$type": "app.bsky.embed.record#view",
              "record": Object {
                "$type": "app.bsky.embed.record#viewBlocked",
                "author": Object {
                  "did": "user(2)",
                  "viewer": Object {
                    "blockedBy": false,
                    "blocking": "record(5)",
                  },
                },
                "blocked": true,
                "uri": "record(4)",
              },
            },
          ],
          "indexedAt": "1970-01-01T00:00:00.000Z",
          "labels": Array [],
          "uri": "record(3)",
          "value": Object {
            "$type": "app.bsky.feed.post",
            "createdAt": "1970-01-01T00:00:00.000Z",
            "embed": Object {
              "$type": "app.bsky.embed.record",
              "record": Object {
                "cid": "cids(3)",
                "uri": "record(4)",
              },
            },
            "facets": Array [
              Object {
                "features": Array [
                  Object {
                    "$type": "app.bsky.richtext.facet#mention",
                    "did": "user(0)",
                  },
                ],
                "index": Object {
                  "byteEnd": 18,
                  "byteStart": 0,
                },
              },
            ],
            "text": "@alice.bluesky.xyz is the best",
          },
        },
      },
      "indexedAt": "1970-01-01T00:00:00.000Z",
      "labels": Array [
        Object {
          "cid": "cids(0)",
          "cts": "1970-01-01T00:00:00.000Z",
          "neg": false,
          "src": "did:example:labeler",
          "uri": "record(0)",
          "val": "test-label",
        },
      ],
      "likeCount": 2,
      "record": Object {
        "$type": "app.bsky.feed.post",
        "createdAt": "1970-01-01T00:00:00.000Z",
        "embed": Object {
          "$type": "app.bsky.embed.record",
          "record": Object {
            "cid": "cids(2)",
            "uri": "record(3)",
          },
        },
        "text": "yoohoo label_me",
      },
      "replyCount": 0,
      "repostCount": 0,
      "uri": "record(0)",
      "viewer": Object {},
    },
  },
}
`;

exports[`pds views with blocking blocks thread parent 1`] = `
Object {
  "thread": Object {
    "$type": "app.bsky.feed.defs#threadViewPost",
    "parent": Object {
      "$type": "app.bsky.feed.defs#blockedPost",
      "author": Object {
        "did": "user(1)",
        "viewer": Object {
          "blockedBy": true,
        },
      },
      "blocked": true,
      "uri": "record(4)",
    },
    "post": Object {
      "author": Object {
        "avatar": "https://pds.public.url/image/KzkHFsMRQ6oAKCHCRKFA1H-rDdc7VOtvEVpUJ82TwyQ/rs:fill:1000:1000:1:0/plain/bafkreiaivizp4xldojmmpuzmiu75cmea7nq56dnntnuhzhsjcb63aou5ei@jpeg",
        "did": "user(0)",
        "displayName": "ali",
        "handle": "alice.test",
        "labels": Array [
          Object {
            "cid": "cids(1)",
            "cts": "1970-01-01T00:00:00.000Z",
            "neg": false,
            "src": "user(0)",
            "uri": "record(3)",
            "val": "self-label-a",
          },
          Object {
            "cid": "cids(1)",
            "cts": "1970-01-01T00:00:00.000Z",
            "neg": false,
            "src": "user(0)",
            "uri": "record(3)",
            "val": "self-label-b",
          },
        ],
        "viewer": Object {
          "blockedBy": false,
          "followedBy": "record(2)",
          "following": "record(1)",
          "muted": false,
        },
      },
      "cid": "cids(0)",
      "indexedAt": "1970-01-01T00:00:00.000Z",
      "labels": Array [],
      "likeCount": 0,
      "record": Object {
        "$type": "app.bsky.feed.post",
        "createdAt": "1970-01-01T00:00:00.000Z",
        "reply": Object {
          "parent": Object {
            "cid": "cids(2)",
            "uri": "record(4)",
          },
          "root": Object {
            "cid": "cids(2)",
            "uri": "record(4)",
          },
        },
        "text": "alice replies to dan",
      },
      "replyCount": 0,
      "repostCount": 0,
      "uri": "record(0)",
      "viewer": Object {},
    },
    "replies": Array [],
  },
}
`;

exports[`pds views with blocking blocks thread reply 1`] = `
Object {
  "thread": Object {
    "$type": "app.bsky.feed.defs#threadViewPost",
    "post": Object {
      "author": Object {
        "avatar": "https://pds.public.url/image/KzkHFsMRQ6oAKCHCRKFA1H-rDdc7VOtvEVpUJ82TwyQ/rs:fill:1000:1000:1:0/plain/bafkreiaivizp4xldojmmpuzmiu75cmea7nq56dnntnuhzhsjcb63aou5ei@jpeg",
        "did": "user(0)",
        "displayName": "ali",
        "handle": "alice.test",
        "labels": Array [
          Object {
            "cid": "cids(1)",
            "cts": "1970-01-01T00:00:00.000Z",
            "neg": false,
            "src": "user(0)",
            "uri": "record(2)",
            "val": "self-label-a",
          },
          Object {
            "cid": "cids(1)",
            "cts": "1970-01-01T00:00:00.000Z",
            "neg": false,
            "src": "user(0)",
            "uri": "record(2)",
            "val": "self-label-b",
          },
        ],
        "viewer": Object {
          "blockedBy": false,
          "followedBy": "record(1)",
          "muted": false,
        },
      },
      "cid": "cids(0)",
      "indexedAt": "1970-01-01T00:00:00.000Z",
      "labels": Array [],
      "likeCount": 3,
      "record": Object {
        "$type": "app.bsky.feed.post",
        "createdAt": "1970-01-01T00:00:00.000000Z",
        "text": "again",
      },
      "replyCount": 2,
      "repostCount": 1,
      "uri": "record(0)",
      "viewer": Object {
        "like": "record(4)",
        "repost": "record(3)",
      },
    },
    "replies": Array [
      Object {
        "$type": "app.bsky.feed.defs#blockedPost",
        "author": Object {
          "did": "user(1)",
          "viewer": Object {
            "blockedBy": false,
            "blocking": "record(6)",
          },
        },
        "blocked": true,
        "uri": "record(5)",
      },
      Object {
        "$type": "app.bsky.feed.defs#threadViewPost",
        "post": Object {
          "author": Object {
            "avatar": "https://pds.public.url/image/KzkHFsMRQ6oAKCHCRKFA1H-rDdc7VOtvEVpUJ82TwyQ/rs:fill:1000:1000:1:0/plain/bafkreiaivizp4xldojmmpuzmiu75cmea7nq56dnntnuhzhsjcb63aou5ei@jpeg",
            "did": "user(2)",
            "displayName": "bobby",
            "handle": "bob.test",
            "labels": Array [
              Object {
                "cid": "cids(3)",
                "cts": "1970-01-01T00:00:00.000Z",
                "neg": false,
                "src": "user(2)",
                "uri": "record(9)",
                "val": "self-label-a",
              },
              Object {
                "cid": "cids(3)",
                "cts": "1970-01-01T00:00:00.000Z",
                "neg": false,
                "src": "user(2)",
                "uri": "record(9)",
                "val": "self-label-b",
              },
            ],
            "viewer": Object {
              "blockedBy": false,
              "following": "record(8)",
              "muted": false,
            },
          },
          "cid": "cids(2)",
          "embed": Object {
            "$type": "app.bsky.embed.images#view",
            "images": Array [
              Object {
                "alt": "tests/image/fixtures/key-landscape-small.jpg",
                "fullsize": "https://pds.public.url/image/AiDXkxVbgBksxb1nfiRn1m6S4K8_mee6o8r-UGLNzOM/rs:fit:2000:2000:1:0/plain/bafkreigy5p3xxceipk2o6nqtnugpft26ol6yleqhboqziino7axvdngtci@jpeg",
                "thumb": "https://pds.public.url/image/uc7FGfiGv0mMqmk9XiqHXrIhNymLHaex7Ge8nEhmXqo/rs:fit:1000:1000:1:0/plain/bafkreigy5p3xxceipk2o6nqtnugpft26ol6yleqhboqziino7axvdngtci@jpeg",
              },
            ],
          },
          "indexedAt": "1970-01-01T00:00:00.000Z",
          "labels": Array [
            Object {
              "cid": "cids(2)",
              "cts": "1970-01-01T00:00:00.000Z",
              "neg": false,
              "src": "did:example:labeler",
              "uri": "record(7)",
              "val": "test-label",
            },
            Object {
              "cid": "cids(2)",
              "cts": "1970-01-01T00:00:00.000Z",
              "neg": false,
              "src": "did:example:labeler",
              "uri": "record(7)",
              "val": "test-label-2",
            },
          ],
          "likeCount": 0,
          "record": Object {
            "$type": "app.bsky.feed.post",
            "createdAt": "1970-01-01T00:00:00.000Z",
            "embed": Object {
              "$type": "app.bsky.embed.images",
              "images": Array [
                Object {
                  "alt": "tests/image/fixtures/key-landscape-small.jpg",
                  "image": Object {
                    "$type": "blob",
                    "mimeType": "image/jpeg",
                    "ref": Object {
                      "$link": "cids(4)",
                    },
                    "size": 4114,
                  },
                },
              ],
            },
            "reply": Object {
              "parent": Object {
                "cid": "cids(0)",
                "uri": "record(0)",
              },
              "root": Object {
                "cid": "cids(0)",
                "uri": "record(0)",
              },
            },
            "text": "hear that label_me label_me_2",
          },
          "replyCount": 1,
          "repostCount": 0,
          "uri": "record(7)",
          "viewer": Object {},
        },
      },
    ],
  },
}
`;
