// Jest Snapshot v1, https://goo.gl/fbAQLP

exports[`pds views with mutes from mute lists embeds lists in posts 1`] = `
Object {
  "author": Object {
    "avatar": "https://pds.public.url/image/KzkHFsMRQ6oAKCHCRKFA1H-rDdc7VOtvEVpUJ82TwyQ/rs:fill:1000:1000:1:0/plain/bafkreiaivizp4xldojmmpuzmiu75cmea7nq56dnntnuhzhsjcb63aou5ei@jpeg",
    "did": "user(0)",
    "displayName": "ali",
    "handle": "alice.test",
    "labels": Array [
      Object {
        "cid": "cids(1)",
        "cts": "1970-01-01T00:00:00.000Z",
        "neg": false,
        "src": "user(0)",
        "uri": "record(1)",
        "val": "self-label-a",
      },
      Object {
        "cid": "cids(1)",
        "cts": "1970-01-01T00:00:00.000Z",
        "neg": false,
        "src": "user(0)",
        "uri": "record(1)",
        "val": "self-label-b",
      },
    ],
    "viewer": Object {
      "blockedBy": false,
      "muted": false,
    },
  },
  "cid": "cids(0)",
  "embed": Object {
    "$type": "app.bsky.embed.record#view",
    "record": Object {
      "$type": "app.bsky.graph.defs#listView",
      "cid": "cids(3)",
      "creator": Object {
        "avatar": "https://pds.public.url/image/KzkHFsMRQ6oAKCHCRKFA1H-rDdc7VOtvEVpUJ82TwyQ/rs:fill:1000:1000:1:0/plain/bafkreiaivizp4xldojmmpuzmiu75cmea7nq56dnntnuhzhsjcb63aou5ei@jpeg",
        "did": "user(0)",
        "displayName": "ali",
        "handle": "alice.test",
        "viewer": Object {
          "blockedBy": false,
          "muted": false,
        },
      },
      "description": "new descript",
      "indexedAt": "1970-01-01T00:00:00.000Z",
      "name": "updated alice mutes",
      "purpose": "app.bsky.graph.defs#modlist",
      "uri": "record(2)",
      "viewer": Object {
        "muted": false,
      },
    },
  },
  "indexedAt": "1970-01-01T00:00:00.000Z",
  "labels": Array [],
  "likeCount": 0,
  "record": Object {
    "$type": "app.bsky.feed.post",
    "createdAt": "1970-01-01T00:00:00.000Z",
    "embed": Object {
      "$type": "app.bsky.embed.record",
      "record": Object {
        "cid": "cids(2)",
        "uri": "record(2)",
      },
    },
    "text": "list embed!",
  },
  "replyCount": 0,
  "repostCount": 0,
  "uri": "record(0)",
  "viewer": Object {},
}
`;

exports[`pds views with mutes from mute lists flags mutes in threads 1`] = `
Object {
  "$type": "app.bsky.feed.defs#threadViewPost",
  "post": Object {
    "author": Object {
      "avatar": "https://pds.public.url/image/KzkHFsMRQ6oAKCHCRKFA1H-rDdc7VOtvEVpUJ82TwyQ/rs:fill:1000:1000:1:0/plain/bafkreiaivizp4xldojmmpuzmiu75cmea7nq56dnntnuhzhsjcb63aou5ei@jpeg",
      "did": "user(0)",
      "displayName": "ali",
      "handle": "alice.test",
      "labels": Array [
        Object {
          "cid": "cids(1)",
          "cts": "1970-01-01T00:00:00.000Z",
          "neg": false,
          "src": "user(0)",
          "uri": "record(2)",
          "val": "self-label-a",
        },
        Object {
          "cid": "cids(1)",
          "cts": "1970-01-01T00:00:00.000Z",
          "neg": false,
          "src": "user(0)",
          "uri": "record(2)",
          "val": "self-label-b",
        },
      ],
      "viewer": Object {
        "blockedBy": false,
        "followedBy": "record(1)",
        "muted": false,
      },
    },
    "cid": "cids(0)",
    "indexedAt": "1970-01-01T00:00:00.000Z",
    "labels": Array [],
    "likeCount": 3,
    "record": Object {
      "$type": "app.bsky.feed.post",
      "createdAt": "1970-01-01T00:00:00.000000Z",
      "text": "again",
    },
    "replyCount": 2,
    "repostCount": 1,
    "uri": "record(0)",
    "viewer": Object {
      "like": "record(4)",
      "repost": "record(3)",
    },
  },
  "replies": Array [
    Object {
      "$type": "app.bsky.feed.defs#threadViewPost",
      "post": Object {
        "author": Object {
          "did": "user(1)",
          "handle": "carol.test",
          "labels": Array [],
          "viewer": Object {
            "blockedBy": false,
            "followedBy": "record(8)",
            "following": "record(7)",
            "muted": true,
            "mutedByList": Object {
              "avatar": "https://pds.public.url/image/KzkHFsMRQ6oAKCHCRKFA1H-rDdc7VOtvEVpUJ82TwyQ/rs:fill:1000:1000:1:0/plain/bafkreiaivizp4xldojmmpuzmiu75cmea7nq56dnntnuhzhsjcb63aou5ei@jpeg",
              "cid": "cids(3)",
              "indexedAt": "1970-01-01T00:00:00.000Z",
              "name": "alice mutes",
              "purpose": "app.bsky.graph.defs#modlist",
              "uri": "record(6)",
              "viewer": Object {
                "muted": true,
              },
            },
          },
        },
        "cid": "cids(2)",
        "indexedAt": "1970-01-01T00:00:00.000Z",
        "labels": Array [],
        "likeCount": 0,
        "record": Object {
          "$type": "app.bsky.feed.post",
          "createdAt": "1970-01-01T00:00:00.000Z",
          "reply": Object {
            "parent": Object {
              "cid": "cids(0)",
              "uri": "record(0)",
            },
            "root": Object {
              "cid": "cids(0)",
              "uri": "record(0)",
            },
          },
          "text": "of course",
        },
        "replyCount": 0,
        "repostCount": 0,
        "uri": "record(5)",
        "viewer": Object {},
      },
    },
    Object {
      "$type": "app.bsky.feed.defs#threadViewPost",
      "post": Object {
        "author": Object {
          "avatar": "https://pds.public.url/image/KzkHFsMRQ6oAKCHCRKFA1H-rDdc7VOtvEVpUJ82TwyQ/rs:fill:1000:1000:1:0/plain/bafkreiaivizp4xldojmmpuzmiu75cmea7nq56dnntnuhzhsjcb63aou5ei@jpeg",
          "did": "user(2)",
          "displayName": "bobby",
          "handle": "bob.test",
          "labels": Array [
            Object {
              "cid": "cids(5)",
              "cts": "1970-01-01T00:00:00.000Z",
              "neg": false,
              "src": "user(2)",
              "uri": "record(11)",
              "val": "self-label-a",
            },
            Object {
              "cid": "cids(5)",
              "cts": "1970-01-01T00:00:00.000Z",
              "neg": false,
              "src": "user(2)",
              "uri": "record(11)",
              "val": "self-label-b",
            },
          ],
          "viewer": Object {
            "blockedBy": false,
            "following": "record(10)",
            "muted": true,
            "mutedByList": Object {
              "avatar": "https://pds.public.url/image/KzkHFsMRQ6oAKCHCRKFA1H-rDdc7VOtvEVpUJ82TwyQ/rs:fill:1000:1000:1:0/plain/bafkreiaivizp4xldojmmpuzmiu75cmea7nq56dnntnuhzhsjcb63aou5ei@jpeg",
              "cid": "cids(3)",
              "indexedAt": "1970-01-01T00:00:00.000Z",
              "name": "alice mutes",
              "purpose": "app.bsky.graph.defs#modlist",
              "uri": "record(6)",
              "viewer": Object {
                "muted": true,
              },
            },
          },
        },
        "cid": "cids(4)",
        "embed": Object {
          "$type": "app.bsky.embed.images#view",
          "images": Array [
            Object {
              "alt": "tests/image/fixtures/key-landscape-small.jpg",
              "fullsize": "https://pds.public.url/image/AiDXkxVbgBksxb1nfiRn1m6S4K8_mee6o8r-UGLNzOM/rs:fit:2000:2000:1:0/plain/bafkreigy5p3xxceipk2o6nqtnugpft26ol6yleqhboqziino7axvdngtci@jpeg",
              "thumb": "https://pds.public.url/image/uc7FGfiGv0mMqmk9XiqHXrIhNymLHaex7Ge8nEhmXqo/rs:fit:1000:1000:1:0/plain/bafkreigy5p3xxceipk2o6nqtnugpft26ol6yleqhboqziino7axvdngtci@jpeg",
            },
          ],
        },
        "indexedAt": "1970-01-01T00:00:00.000Z",
        "labels": Array [
          Object {
            "cid": "cids(4)",
            "cts": "1970-01-01T00:00:00.000Z",
            "neg": false,
            "src": "did:example:labeler",
            "uri": "record(9)",
            "val": "test-label",
          },
          Object {
            "cid": "cids(4)",
            "cts": "1970-01-01T00:00:00.000Z",
            "neg": false,
            "src": "did:example:labeler",
            "uri": "record(9)",
            "val": "test-label-2",
          },
        ],
        "likeCount": 0,
        "record": Object {
          "$type": "app.bsky.feed.post",
          "createdAt": "1970-01-01T00:00:00.000Z",
          "embed": Object {
            "$type": "app.bsky.embed.images",
            "images": Array [
              Object {
                "alt": "tests/image/fixtures/key-landscape-small.jpg",
                "image": Object {
                  "$type": "blob",
                  "mimeType": "image/jpeg",
                  "ref": Object {
                    "$link": "cids(6)",
                  },
                  "size": 4114,
                },
              },
            ],
          },
          "reply": Object {
            "parent": Object {
              "cid": "cids(0)",
              "uri": "record(0)",
            },
            "root": Object {
              "cid": "cids(0)",
              "uri": "record(0)",
            },
          },
          "text": "hear that label_me label_me_2",
        },
        "replyCount": 1,
        "repostCount": 0,
        "uri": "record(9)",
        "viewer": Object {},
      },
    },
  ],
}
`;

exports[`pds views with mutes from mute lists returns a users own list mutes 1`] = `
Object {
  "cursor": "0000000000000::bafycid",
  "lists": Array [
    Object {
      "cid": "cids(0)",
      "creator": Object {
        "avatar": "https://pds.public.url/image/KzkHFsMRQ6oAKCHCRKFA1H-rDdc7VOtvEVpUJ82TwyQ/rs:fill:1000:1000:1:0/plain/bafkreiaivizp4xldojmmpuzmiu75cmea7nq56dnntnuhzhsjcb63aou5ei@jpeg",
        "description": "its me!",
        "did": "user(0)",
        "displayName": "ali",
        "handle": "alice.test",
        "indexedAt": "1970-01-01T00:00:00.000Z",
        "labels": Array [
          Object {
            "cid": "cids(1)",
            "cts": "1970-01-01T00:00:00.000Z",
            "neg": false,
            "src": "user(0)",
            "uri": "record(2)",
            "val": "self-label-a",
          },
          Object {
            "cid": "cids(1)",
            "cts": "1970-01-01T00:00:00.000Z",
            "neg": false,
            "src": "user(0)",
            "uri": "record(2)",
            "val": "self-label-b",
          },
        ],
        "viewer": Object {
          "blockedBy": false,
          "followedBy": "record(1)",
          "muted": false,
        },
      },
      "description": "blah blah",
      "indexedAt": "1970-01-01T00:00:00.000Z",
      "name": "new list",
      "purpose": "app.bsky.graph.defs#modlist",
      "uri": "record(0)",
      "viewer": Object {
        "muted": true,
      },
    },
    Object {
      "avatar": "https://pds.public.url/image/KzkHFsMRQ6oAKCHCRKFA1H-rDdc7VOtvEVpUJ82TwyQ/rs:fill:1000:1000:1:0/plain/bafkreiaivizp4xldojmmpuzmiu75cmea7nq56dnntnuhzhsjcb63aou5ei@jpeg",
      "cid": "cids(2)",
      "creator": Object {
        "avatar": "https://pds.public.url/image/KzkHFsMRQ6oAKCHCRKFA1H-rDdc7VOtvEVpUJ82TwyQ/rs:fill:1000:1000:1:0/plain/bafkreiaivizp4xldojmmpuzmiu75cmea7nq56dnntnuhzhsjcb63aou5ei@jpeg",
        "description": "its me!",
        "did": "user(0)",
        "displayName": "ali",
        "handle": "alice.test",
        "indexedAt": "1970-01-01T00:00:00.000Z",
        "labels": Array [
          Object {
            "cid": "cids(1)",
            "cts": "1970-01-01T00:00:00.000Z",
            "neg": false,
            "src": "user(0)",
            "uri": "record(2)",
            "val": "self-label-a",
          },
          Object {
            "cid": "cids(1)",
            "cts": "1970-01-01T00:00:00.000Z",
            "neg": false,
            "src": "user(0)",
            "uri": "record(2)",
            "val": "self-label-b",
          },
        ],
        "viewer": Object {
          "blockedBy": false,
          "followedBy": "record(1)",
          "muted": false,
        },
      },
      "description": "big list of mutes",
      "indexedAt": "1970-01-01T00:00:00.000Z",
      "name": "alice mutes",
      "purpose": "app.bsky.graph.defs#modlist",
      "uri": "record(3)",
      "viewer": Object {
        "muted": true,
      },
    },
  ],
}
`;

exports[`pds views with mutes from mute lists returns lists associated with a user 1`] = `
Object {
  "cursor": "0000000000000::bafycid",
  "lists": Array [
    Object {
      "cid": "cids(0)",
      "creator": Object {
        "avatar": "https://pds.public.url/image/KzkHFsMRQ6oAKCHCRKFA1H-rDdc7VOtvEVpUJ82TwyQ/rs:fill:1000:1000:1:0/plain/bafkreiaivizp4xldojmmpuzmiu75cmea7nq56dnntnuhzhsjcb63aou5ei@jpeg",
        "description": "its me!",
        "did": "user(0)",
        "displayName": "ali",
        "handle": "alice.test",
        "indexedAt": "1970-01-01T00:00:00.000Z",
        "labels": Array [
          Object {
            "cid": "cids(1)",
            "cts": "1970-01-01T00:00:00.000Z",
            "neg": false,
            "src": "user(0)",
            "uri": "record(2)",
            "val": "self-label-a",
          },
          Object {
            "cid": "cids(1)",
            "cts": "1970-01-01T00:00:00.000Z",
            "neg": false,
            "src": "user(0)",
            "uri": "record(2)",
            "val": "self-label-b",
          },
        ],
        "viewer": Object {
          "blockedBy": false,
          "followedBy": "record(1)",
          "muted": false,
        },
      },
      "description": "blah blah",
      "indexedAt": "1970-01-01T00:00:00.000Z",
      "name": "new list",
      "purpose": "app.bsky.graph.defs#modlist",
      "uri": "record(0)",
      "viewer": Object {
        "muted": false,
      },
    },
    Object {
      "avatar": "https://pds.public.url/image/KzkHFsMRQ6oAKCHCRKFA1H-rDdc7VOtvEVpUJ82TwyQ/rs:fill:1000:1000:1:0/plain/bafkreiaivizp4xldojmmpuzmiu75cmea7nq56dnntnuhzhsjcb63aou5ei@jpeg",
      "cid": "cids(2)",
      "creator": Object {
        "avatar": "https://pds.public.url/image/KzkHFsMRQ6oAKCHCRKFA1H-rDdc7VOtvEVpUJ82TwyQ/rs:fill:1000:1000:1:0/plain/bafkreiaivizp4xldojmmpuzmiu75cmea7nq56dnntnuhzhsjcb63aou5ei@jpeg",
        "description": "its me!",
        "did": "user(0)",
        "displayName": "ali",
        "handle": "alice.test",
        "indexedAt": "1970-01-01T00:00:00.000Z",
        "labels": Array [
          Object {
            "cid": "cids(1)",
            "cts": "1970-01-01T00:00:00.000Z",
            "neg": false,
            "src": "user(0)",
            "uri": "record(2)",
            "val": "self-label-a",
          },
          Object {
            "cid": "cids(1)",
            "cts": "1970-01-01T00:00:00.000Z",
            "neg": false,
            "src": "user(0)",
            "uri": "record(2)",
            "val": "self-label-b",
          },
        ],
        "viewer": Object {
          "blockedBy": false,
          "followedBy": "record(1)",
          "muted": false,
        },
      },
      "description": "big list of mutes",
      "indexedAt": "1970-01-01T00:00:00.000Z",
      "name": "alice mutes",
      "purpose": "app.bsky.graph.defs#modlist",
      "uri": "record(3)",
      "viewer": Object {
        "muted": true,
      },
    },
  ],
}
`;

exports[`pds views with mutes from mute lists returns the contents of a list 1`] = `
Object {
  "cursor": "0000000000000::bafycid",
  "items": Array [
    Object {
      "subject": Object {
        "did": "user(0)",
        "handle": "carol.test",
        "labels": Array [],
        "viewer": Object {
          "blockedBy": false,
          "followedBy": "record(1)",
          "muted": true,
          "mutedByList": Object {
            "avatar": "https://pds.public.url/image/KzkHFsMRQ6oAKCHCRKFA1H-rDdc7VOtvEVpUJ82TwyQ/rs:fill:1000:1000:1:0/plain/bafkreiaivizp4xldojmmpuzmiu75cmea7nq56dnntnuhzhsjcb63aou5ei@jpeg",
            "cid": "cids(0)",
            "indexedAt": "1970-01-01T00:00:00.000Z",
            "name": "alice mutes",
            "purpose": "app.bsky.graph.defs#modlist",
            "uri": "record(0)",
            "viewer": Object {
              "muted": true,
            },
          },
        },
      },
    },
    Object {
      "subject": Object {
        "avatar": "https://pds.public.url/image/KzkHFsMRQ6oAKCHCRKFA1H-rDdc7VOtvEVpUJ82TwyQ/rs:fill:1000:1000:1:0/plain/bafkreiaivizp4xldojmmpuzmiu75cmea7nq56dnntnuhzhsjcb63aou5ei@jpeg",
        "description": "hi im bob label_me",
        "did": "user(1)",
        "displayName": "bobby",
        "handle": "bob.test",
        "indexedAt": "1970-01-01T00:00:00.000Z",
        "labels": Array [
          Object {
            "cid": "cids(1)",
            "cts": "1970-01-01T00:00:00.000Z",
            "neg": false,
            "src": "user(1)",
            "uri": "record(3)",
            "val": "self-label-a",
          },
          Object {
            "cid": "cids(1)",
            "cts": "1970-01-01T00:00:00.000Z",
            "neg": false,
            "src": "user(1)",
            "uri": "record(3)",
            "val": "self-label-b",
          },
        ],
        "viewer": Object {
          "blockedBy": false,
          "following": "record(2)",
          "muted": true,
          "mutedByList": Object {
            "avatar": "https://pds.public.url/image/KzkHFsMRQ6oAKCHCRKFA1H-rDdc7VOtvEVpUJ82TwyQ/rs:fill:1000:1000:1:0/plain/bafkreiaivizp4xldojmmpuzmiu75cmea7nq56dnntnuhzhsjcb63aou5ei@jpeg",
            "cid": "cids(0)",
            "indexedAt": "1970-01-01T00:00:00.000Z",
            "name": "alice mutes",
            "purpose": "app.bsky.graph.defs#modlist",
            "uri": "record(0)",
            "viewer": Object {
              "muted": true,
            },
          },
        },
      },
    },
  ],
  "list": Object {
    "avatar": "https://pds.public.url/image/KzkHFsMRQ6oAKCHCRKFA1H-rDdc7VOtvEVpUJ82TwyQ/rs:fill:1000:1000:1:0/plain/bafkreiaivizp4xldojmmpuzmiu75cmea7nq56dnntnuhzhsjcb63aou5ei@jpeg",
    "cid": "cids(0)",
    "creator": Object {
      "avatar": "https://pds.public.url/image/KzkHFsMRQ6oAKCHCRKFA1H-rDdc7VOtvEVpUJ82TwyQ/rs:fill:1000:1000:1:0/plain/bafkreiaivizp4xldojmmpuzmiu75cmea7nq56dnntnuhzhsjcb63aou5ei@jpeg",
      "description": "its me!",
      "did": "user(2)",
      "displayName": "ali",
      "handle": "alice.test",
      "indexedAt": "1970-01-01T00:00:00.000Z",
      "labels": Array [
        Object {
          "cid": "cids(2)",
          "cts": "1970-01-01T00:00:00.000Z",
          "neg": false,
          "src": "user(2)",
          "uri": "record(5)",
          "val": "self-label-a",
        },
        Object {
          "cid": "cids(2)",
          "cts": "1970-01-01T00:00:00.000Z",
          "neg": false,
          "src": "user(2)",
          "uri": "record(5)",
          "val": "self-label-b",
        },
      ],
      "viewer": Object {
        "blockedBy": false,
        "followedBy": "record(4)",
        "muted": false,
      },
    },
    "description": "big list of mutes",
    "indexedAt": "1970-01-01T00:00:00.000Z",
    "name": "alice mutes",
    "purpose": "app.bsky.graph.defs#modlist",
    "uri": "record(0)",
    "viewer": Object {
      "muted": true,
    },
  },
}
`;
