// Jest Snapshot v1, https://goo.gl/fbAQLP

exports[`admin get repo view gets a repo by did, even when taken down. 1`] = `
Object {
  "did": "user(0)",
  "email": "alice@test.com",
  "handle": "alice.test",
  "indexedAt": "1970-01-01T00:00:00.000Z",
  "invites": Array [],
  "invitesDisabled": false,
  "labels": Array [],
  "moderation": Object {
    "subjectStatus": Object {
      "createdAt": "1970-01-01T00:00:00.000Z",
      "id": 1,
      "lastReportedAt": "1970-01-01T00:00:00.000Z",
      "lastReviewedAt": "1970-01-01T00:00:00.000Z",
      "lastReviewedBy": "did:example:admin",
      "reviewState": "com.atproto.admin.defs#reviewClosed",
      "subject": Object {
        "$type": "com.atproto.admin.defs#repoRef",
        "did": "user(0)",
      },
      "subjectBlobCids": Array [],
      "subjectRepoHandle": "alice.test",
      "takendown": true,
      "updatedAt": "1970-01-01T00:00:00.000Z",
    },
  },
  "relatedRecords": Array [
    Object {
      "$type": "app.bsky.actor.profile",
      "avatar": Object {
        "$type": "blob",
        "mimeType": "image/jpeg",
        "ref": Object {
          "$link": "cids(0)",
        },
        "size": 3976,
      },
      "description": "its me!",
      "displayName": "ali",
      "labels": Object {
        "$type": "com.atproto.label.defs#selfLabels",
        "values": Array [
          Object {
            "val": "self-label-a",
          },
          Object {
            "val": "self-label-b",
          },
        ],
      },
    },
  ],
}
`;
