// Jest Snapshot v1, https://goo.gl/fbAQLP

exports[`feed generation does not embed taken-down feed generator records in posts 1`] = `
Object {
  "author": Object {
    "avatar": "https://bsky.public.url/image/sig()/rs:fill:1000:1000:1:0/plain/user(1)/cids(1)@jpeg",
    "did": "user(0)",
    "displayName": "bobby",
    "handle": "bob.test",
    "labels": Array [],
    "viewer": Object {
      "blockedBy": false,
      "muted": false,
    },
  },
  "cid": "cids(0)",
  "embed": Object {
    "$type": "app.bsky.embed.record#view",
    "record": Object {
      "$type": "app.bsky.embed.record#viewNotFound",
      "uri": "record(1)",
    },
  },
  "indexedAt": "1970-01-01T00:00:00.000Z",
  "labels": Array [],
  "likeCount": 0,
  "record": Object {
    "$type": "app.bsky.feed.post",
    "createdAt": "1970-01-01T00:00:00.000Z",
    "embed": Object {
      "$type": "app.bsky.embed.record",
      "record": Object {
        "cid": "cids(2)",
        "uri": "record(1)",
      },
    },
    "text": "weird feed",
  },
  "replyCount": 0,
  "repostCount": 0,
  "uri": "record(0)",
  "viewer": Object {},
}
`;

exports[`feed generation embeds feed generator records in posts 1`] = `
Object {
  "author": Object {
    "avatar": "https://bsky.public.url/image/sig()/rs:fill:1000:1000:1:0/plain/user(1)/cids(1)@jpeg",
    "did": "user(0)",
    "displayName": "bobby",
    "handle": "bob.test",
    "labels": Array [],
    "viewer": Object {
      "blockedBy": false,
      "muted": false,
    },
  },
  "cid": "cids(0)",
  "embed": Object {
    "$type": "app.bsky.embed.record#view",
    "record": Object {
      "$type": "app.bsky.feed.defs#generatorView",
      "cid": "cids(2)",
      "creator": Object {
        "avatar": "https://bsky.public.url/image/sig()/rs:fill:1000:1000:1:0/plain/user(4)/cids(1)@jpeg",
        "did": "user(3)",
        "displayName": "ali",
        "handle": "alice.test",
        "labels": Array [],
        "viewer": Object {
          "blockedBy": false,
          "followedBy": "record(3)",
          "following": "record(2)",
          "muted": false,
        },
      },
      "description": "Provides all feed candidates",
      "did": "user(2)",
      "displayName": "All",
      "indexedAt": "1970-01-01T00:00:00.000Z",
      "likeCount": 2,
      "uri": "record(1)",
      "viewer": Object {
        "like": "record(4)",
      },
    },
  },
  "indexedAt": "1970-01-01T00:00:00.000Z",
  "labels": Array [],
  "likeCount": 0,
  "record": Object {
    "$type": "app.bsky.feed.post",
    "createdAt": "1970-01-01T00:00:00.000Z",
    "embed": Object {
      "$type": "app.bsky.embed.record",
      "record": Object {
        "cid": "cids(2)",
        "uri": "record(1)",
      },
    },
    "text": "cool feed!",
  },
  "replyCount": 0,
  "repostCount": 0,
  "uri": "record(0)",
  "viewer": Object {},
}
`;

exports[`feed generation getActorFeeds fetches feed generators by actor. 1`] = `
Array [
  Object {
    "cid": "cids(0)",
    "creator": Object {
      "avatar": "https://bsky.public.url/image/sig()/rs:fill:1000:1000:1:0/plain/user(2)/cids(1)@jpeg",
      "description": "its me!",
      "did": "user(1)",
      "displayName": "ali",
      "handle": "alice.test",
      "indexedAt": "1970-01-01T00:00:00.000Z",
      "labels": Array [],
      "viewer": Object {
        "blockedBy": false,
        "followedBy": "record(2)",
        "following": "record(1)",
        "muted": false,
      },
    },
    "description": "Provides odd-indexed feed candidates",
    "did": "user(0)",
    "displayName": "Odd",
    "indexedAt": "1970-01-01T00:00:00.000Z",
    "likeCount": 0,
    "uri": "record(0)",
    "viewer": Object {},
  },
  Object {
    "cid": "cids(2)",
    "creator": Object {
      "avatar": "https://bsky.public.url/image/sig()/rs:fill:1000:1000:1:0/plain/user(2)/cids(1)@jpeg",
      "description": "its me!",
      "did": "user(1)",
      "displayName": "ali",
      "handle": "alice.test",
      "indexedAt": "1970-01-01T00:00:00.000Z",
      "labels": Array [],
      "viewer": Object {
        "blockedBy": false,
        "followedBy": "record(2)",
        "following": "record(1)",
        "muted": false,
      },
    },
    "description": "Provides all feed candidates, blindly ignoring pagination limit",
    "did": "user(0)",
    "displayName": "Bad Pagination",
    "indexedAt": "1970-01-01T00:00:00.000Z",
    "likeCount": 0,
    "uri": "record(3)",
    "viewer": Object {},
  },
  Object {
    "cid": "cids(3)",
    "creator": Object {
      "avatar": "https://bsky.public.url/image/sig()/rs:fill:1000:1000:1:0/plain/user(2)/cids(1)@jpeg",
      "description": "its me!",
      "did": "user(1)",
      "displayName": "ali",
      "handle": "alice.test",
      "indexedAt": "1970-01-01T00:00:00.000Z",
      "labels": Array [],
      "viewer": Object {
        "blockedBy": false,
        "followedBy": "record(2)",
        "following": "record(1)",
        "muted": false,
      },
    },
    "description": "Provides even-indexed feed candidates",
    "did": "user(0)",
    "displayName": "Even",
    "indexedAt": "1970-01-01T00:00:00.000Z",
    "likeCount": 0,
    "uri": "record(4)",
    "viewer": Object {},
  },
  Object {
    "cid": "cids(4)",
    "creator": Object {
      "avatar": "https://bsky.public.url/image/sig()/rs:fill:1000:1000:1:0/plain/user(2)/cids(1)@jpeg",
      "description": "its me!",
      "did": "user(1)",
      "displayName": "ali",
      "handle": "alice.test",
      "indexedAt": "1970-01-01T00:00:00.000Z",
      "labels": Array [],
      "viewer": Object {
        "blockedBy": false,
        "followedBy": "record(2)",
        "following": "record(1)",
        "muted": false,
      },
    },
    "description": "Provides all feed candidates",
    "did": "user(0)",
    "displayName": "All",
    "indexedAt": "1970-01-01T00:00:00.000Z",
    "likeCount": 2,
    "uri": "record(5)",
    "viewer": Object {
      "like": "record(6)",
    },
  },
]
`;

exports[`feed generation getFeed paginates, handling replies and reposts. 1`] = `
Array [
  Object {
    "post": Object {
      "author": Object {
        "avatar": "https://bsky.public.url/image/sig()/rs:fill:1000:1000:1:0/plain/user(1)/cids(1)@jpeg",
        "did": "user(0)",
        "displayName": "ali",
        "handle": "alice.test",
        "labels": Array [],
        "viewer": Object {
          "blockedBy": false,
          "muted": false,
        },
      },
      "cid": "cids(0)",
      "indexedAt": "1970-01-01T00:00:00.000Z",
      "labels": Array [],
      "likeCount": 0,
      "record": Object {
        "$type": "app.bsky.feed.post",
        "createdAt": "1970-01-01T00:00:00.000Z",
        "text": "hey there",
      },
      "replyCount": 0,
      "repostCount": 0,
      "uri": "record(0)",
      "viewer": Object {},
    },
  },
  Object {
    "post": Object {
      "author": Object {
        "avatar": "https://bsky.public.url/image/sig()/rs:fill:1000:1000:1:0/plain/user(3)/cids(1)@jpeg",
        "did": "user(2)",
        "displayName": "bobby",
        "handle": "bob.test",
        "labels": Array [],
        "viewer": Object {
          "blockedBy": false,
          "followedBy": "record(3)",
          "following": "record(2)",
          "muted": false,
        },
      },
      "cid": "cids(2)",
      "indexedAt": "1970-01-01T00:00:00.000Z",
      "labels": Array [],
      "likeCount": 0,
      "record": Object {
        "$type": "app.bsky.feed.post",
        "createdAt": "1970-01-01T00:00:00.000Z",
        "langs": Array [
          "en-US",
          "i-klingon",
        ],
        "text": "bob back at it again!",
      },
      "replyCount": 0,
      "repostCount": 0,
      "uri": "record(1)",
      "viewer": Object {},
    },
  },
  Object {
    "post": Object {
      "author": Object {
        "did": "user(4)",
        "handle": "carol.test",
        "labels": Array [],
        "viewer": Object {
          "blockedBy": false,
          "followedBy": "record(6)",
          "following": "record(5)",
          "muted": false,
        },
      },
      "cid": "cids(3)",
      "embed": Object {
        "$type": "app.bsky.embed.recordWithMedia#view",
        "media": Object {
          "$type": "app.bsky.embed.images#view",
          "images": Array [
            Object {
              "alt": "tests/image/fixtures/key-landscape-small.jpg",
              "fullsize": "https://bsky.public.url/image/sig()/rs:fit:2000:2000:1:0/plain/user(5)/cids(4)@jpeg",
              "thumb": "https://bsky.public.url/image/sig()/rs:fit:1000:1000:1:0/plain/user(5)/cids(4)@jpeg",
            },
            Object {
              "alt": "tests/image/fixtures/key-alt.jpg",
              "fullsize": "https://bsky.public.url/image/sig()/rs:fit:2000:2000:1:0/plain/user(5)/cids(5)@jpeg",
              "thumb": "https://bsky.public.url/image/sig()/rs:fit:1000:1000:1:0/plain/user(5)/cids(5)@jpeg",
            },
          ],
        },
        "record": Object {
          "record": Object {
            "$type": "app.bsky.embed.record#viewRecord",
            "author": Object {
              "avatar": "https://bsky.public.url/image/sig()/rs:fill:1000:1000:1:0/plain/user(3)/cids(1)@jpeg",
              "did": "user(2)",
              "displayName": "bobby",
              "handle": "bob.test",
              "labels": Array [],
              "viewer": Object {
                "blockedBy": false,
                "followedBy": "record(3)",
                "following": "record(2)",
                "muted": false,
              },
            },
            "cid": "cids(2)",
            "embeds": Array [],
            "indexedAt": "1970-01-01T00:00:00.000Z",
            "labels": Array [],
            "uri": "record(1)",
            "value": Object {
              "$type": "app.bsky.feed.post",
              "createdAt": "1970-01-01T00:00:00.000Z",
              "langs": Array [
                "en-US",
                "i-klingon",
              ],
              "text": "bob back at it again!",
            },
          },
        },
      },
      "indexedAt": "1970-01-01T00:00:00.000Z",
      "labels": Array [],
      "likeCount": 2,
      "record": Object {
        "$type": "app.bsky.feed.post",
        "createdAt": "1970-01-01T00:00:00.000Z",
        "embed": Object {
          "$type": "app.bsky.embed.recordWithMedia",
          "media": Object {
            "$type": "app.bsky.embed.images",
            "images": Array [
              Object {
                "alt": "tests/image/fixtures/key-landscape-small.jpg",
                "image": Object {
                  "$type": "blob",
                  "mimeType": "image/jpeg",
                  "ref": Object {
                    "$link": "cids(4)",
                  },
                  "size": 4114,
                },
              },
              Object {
                "alt": "tests/image/fixtures/key-alt.jpg",
                "image": Object {
                  "$type": "blob",
                  "mimeType": "image/jpeg",
                  "ref": Object {
                    "$link": "cids(5)",
                  },
                  "size": 12736,
                },
              },
            ],
          },
          "record": Object {
            "record": Object {
              "cid": "cids(2)",
              "uri": "record(1)",
            },
          },
        },
        "text": "hi im carol",
      },
      "replyCount": 0,
      "repostCount": 0,
      "uri": "record(4)",
      "viewer": Object {
        "like": "record(7)",
      },
    },
  },
  Object {
    "post": Object {
      "author": Object {
        "did": "user(4)",
        "handle": "carol.test",
        "labels": Array [],
        "viewer": Object {
          "blockedBy": false,
          "followedBy": "record(6)",
          "following": "record(5)",
          "muted": false,
        },
      },
      "cid": "cids(6)",
      "indexedAt": "1970-01-01T00:00:00.000Z",
      "labels": Array [],
      "likeCount": 0,
      "record": Object {
        "$type": "app.bsky.feed.post",
        "createdAt": "1970-01-01T00:00:00.000Z",
        "reply": Object {
          "parent": Object {
            "cid": "cids(7)",
            "uri": "record(9)",
          },
          "root": Object {
            "cid": "cids(7)",
            "uri": "record(9)",
          },
        },
        "text": "of course",
      },
      "replyCount": 0,
      "repostCount": 0,
      "uri": "record(8)",
      "viewer": Object {},
    },
    "reply": Object {
      "parent": Object {
        "$type": "app.bsky.feed.defs#postView",
        "author": Object {
          "avatar": "https://bsky.public.url/image/sig()/rs:fill:1000:1000:1:0/plain/user(1)/cids(1)@jpeg",
          "did": "user(0)",
          "displayName": "ali",
          "handle": "alice.test",
          "labels": Array [],
          "viewer": Object {
            "blockedBy": false,
            "muted": false,
          },
        },
        "cid": "cids(7)",
        "indexedAt": "1970-01-01T00:00:00.000Z",
        "labels": Array [],
        "likeCount": 3,
        "record": Object {
          "$type": "app.bsky.feed.post",
          "createdAt": "1970-01-01T00:00:00.000000Z",
          "text": "again",
        },
        "replyCount": 2,
        "repostCount": 1,
        "uri": "record(9)",
        "viewer": Object {},
      },
      "root": Object {
        "$type": "app.bsky.feed.defs#postView",
        "author": Object {
          "avatar": "https://bsky.public.url/image/sig()/rs:fill:1000:1000:1:0/plain/user(1)/cids(1)@jpeg",
          "did": "user(0)",
          "displayName": "ali",
          "handle": "alice.test",
          "labels": Array [],
          "viewer": Object {
            "blockedBy": false,
            "muted": false,
          },
        },
        "cid": "cids(7)",
        "indexedAt": "1970-01-01T00:00:00.000Z",
        "labels": Array [],
        "likeCount": 3,
        "record": Object {
          "$type": "app.bsky.feed.post",
          "createdAt": "1970-01-01T00:00:00.000000Z",
          "text": "again",
        },
        "replyCount": 2,
        "repostCount": 1,
        "uri": "record(9)",
        "viewer": Object {},
      },
    },
  },
  Object {
    "post": Object {
      "author": Object {
        "did": "user(6)",
        "handle": "dan.test",
        "labels": Array [],
        "viewer": Object {
          "blockedBy": false,
          "following": "record(11)",
          "muted": false,
        },
      },
      "cid": "cids(8)",
      "embed": Object {
        "$type": "app.bsky.embed.record#view",
        "record": Object {
          "$type": "app.bsky.embed.record#viewRecord",
          "author": Object {
            "did": "user(4)",
            "handle": "carol.test",
            "labels": Array [],
            "viewer": Object {
              "blockedBy": false,
              "followedBy": "record(6)",
              "following": "record(5)",
              "muted": false,
            },
          },
          "cid": "cids(3)",
          "embeds": Array [
            Object {
              "$type": "app.bsky.embed.recordWithMedia#view",
              "media": Object {
                "$type": "app.bsky.embed.images#view",
                "images": Array [
                  Object {
                    "alt": "tests/image/fixtures/key-landscape-small.jpg",
                    "fullsize": "https://bsky.public.url/image/sig()/rs:fit:2000:2000:1:0/plain/user(5)/cids(4)@jpeg",
                    "thumb": "https://bsky.public.url/image/sig()/rs:fit:1000:1000:1:0/plain/user(5)/cids(4)@jpeg",
                  },
                  Object {
                    "alt": "tests/image/fixtures/key-alt.jpg",
                    "fullsize": "https://bsky.public.url/image/sig()/rs:fit:2000:2000:1:0/plain/user(5)/cids(5)@jpeg",
                    "thumb": "https://bsky.public.url/image/sig()/rs:fit:1000:1000:1:0/plain/user(5)/cids(5)@jpeg",
                  },
                ],
              },
              "record": Object {
                "record": Object {
                  "$type": "app.bsky.embed.record#viewRecord",
                  "author": Object {
                    "avatar": "https://bsky.public.url/image/sig()/rs:fill:1000:1000:1:0/plain/user(3)/cids(1)@jpeg",
                    "did": "user(2)",
                    "displayName": "bobby",
                    "handle": "bob.test",
                    "labels": Array [],
                    "viewer": Object {
                      "blockedBy": false,
                      "followedBy": "record(3)",
                      "following": "record(2)",
                      "muted": false,
                    },
                  },
                  "cid": "cids(2)",
                  "indexedAt": "1970-01-01T00:00:00.000Z",
                  "labels": Array [],
                  "uri": "record(1)",
                  "value": Object {
                    "$type": "app.bsky.feed.post",
                    "createdAt": "1970-01-01T00:00:00.000Z",
                    "langs": Array [
                      "en-US",
                      "i-klingon",
                    ],
                    "text": "bob back at it again!",
                  },
                },
              },
            },
          ],
          "indexedAt": "1970-01-01T00:00:00.000Z",
          "labels": Array [],
          "uri": "record(4)",
          "value": Object {
            "$type": "app.bsky.feed.post",
            "createdAt": "1970-01-01T00:00:00.000Z",
            "embed": Object {
              "$type": "app.bsky.embed.recordWithMedia",
              "media": Object {
                "$type": "app.bsky.embed.images",
                "images": Array [
                  Object {
                    "alt": "tests/image/fixtures/key-landscape-small.jpg",
                    "image": Object {
                      "$type": "blob",
                      "mimeType": "image/jpeg",
                      "ref": Object {
                        "$link": "cids(4)",
                      },
                      "size": 4114,
                    },
                  },
                  Object {
                    "alt": "tests/image/fixtures/key-alt.jpg",
                    "image": Object {
                      "$type": "blob",
                      "mimeType": "image/jpeg",
                      "ref": Object {
                        "$link": "cids(5)",
                      },
                      "size": 12736,
                    },
                  },
                ],
              },
              "record": Object {
                "record": Object {
                  "cid": "cids(2)",
                  "uri": "record(1)",
                },
              },
            },
            "text": "hi im carol",
          },
        },
      },
      "indexedAt": "1970-01-01T00:00:00.000Z",
      "labels": Array [],
      "likeCount": 0,
      "record": Object {
        "$type": "app.bsky.feed.post",
        "createdAt": "1970-01-01T00:00:00.000Z",
        "embed": Object {
          "$type": "app.bsky.embed.record",
          "record": Object {
            "cid": "cids(3)",
            "uri": "record(4)",
          },
        },
        "facets": Array [
          Object {
            "features": Array [
              Object {
                "$type": "app.bsky.richtext.facet#mention",
                "did": "user(0)",
              },
            ],
            "index": Object {
              "byteEnd": 18,
              "byteStart": 0,
            },
          },
        ],
        "text": "@alice.bluesky.xyz is the best",
      },
      "replyCount": 0,
      "repostCount": 1,
      "uri": "record(10)",
      "viewer": Object {},
    },
    "reason": Object {
      "$type": "app.bsky.feed.defs#reasonRepost",
      "by": Object {
        "did": "user(4)",
        "handle": "carol.test",
        "labels": Array [],
        "viewer": Object {
          "blockedBy": false,
          "followedBy": "record(6)",
          "following": "record(5)",
          "muted": false,
        },
      },
      "indexedAt": "1970-01-01T00:00:00.000Z",
    },
  },
]
`;

exports[`feed generation getFeed resolves basic feed contents. 1`] = `
Array [
  Object {
    "post": Object {
      "author": Object {
        "avatar": "https://bsky.public.url/image/sig()/rs:fill:1000:1000:1:0/plain/user(1)/cids(1)@jpeg",
        "did": "user(0)",
        "displayName": "ali",
        "handle": "alice.test",
        "labels": Array [],
        "viewer": Object {
          "blockedBy": false,
          "muted": false,
        },
      },
      "cid": "cids(0)",
      "indexedAt": "1970-01-01T00:00:00.000Z",
      "labels": Array [],
      "likeCount": 0,
      "record": Object {
        "$type": "app.bsky.feed.post",
        "createdAt": "1970-01-01T00:00:00.000Z",
        "text": "hey there",
      },
      "replyCount": 0,
      "repostCount": 0,
      "uri": "record(0)",
      "viewer": Object {},
    },
  },
  Object {
    "post": Object {
      "author": Object {
        "did": "user(2)",
        "handle": "carol.test",
        "labels": Array [],
        "viewer": Object {
          "blockedBy": false,
          "followedBy": "record(3)",
          "following": "record(2)",
          "muted": false,
        },
      },
      "cid": "cids(2)",
      "embed": Object {
        "$type": "app.bsky.embed.recordWithMedia#view",
        "media": Object {
          "$type": "app.bsky.embed.images#view",
          "images": Array [
            Object {
              "alt": "tests/image/fixtures/key-landscape-small.jpg",
              "fullsize": "https://bsky.public.url/image/sig()/rs:fit:2000:2000:1:0/plain/user(5)/cids(3)@jpeg",
              "thumb": "https://bsky.public.url/image/sig()/rs:fit:1000:1000:1:0/plain/user(5)/cids(3)@jpeg",
            },
            Object {
              "alt": "tests/image/fixtures/key-alt.jpg",
              "fullsize": "https://bsky.public.url/image/sig()/rs:fit:2000:2000:1:0/plain/user(5)/cids(4)@jpeg",
              "thumb": "https://bsky.public.url/image/sig()/rs:fit:1000:1000:1:0/plain/user(5)/cids(4)@jpeg",
            },
          ],
        },
        "record": Object {
          "record": Object {
            "$type": "app.bsky.embed.record#viewRecord",
            "author": Object {
              "avatar": "https://bsky.public.url/image/sig()/rs:fill:1000:1000:1:0/plain/user(4)/cids(1)@jpeg",
              "did": "user(3)",
              "displayName": "bobby",
              "handle": "bob.test",
              "labels": Array [],
              "viewer": Object {
                "blockedBy": false,
                "followedBy": "record(6)",
                "following": "record(5)",
                "muted": false,
              },
            },
            "cid": "cids(5)",
            "embeds": Array [],
            "indexedAt": "1970-01-01T00:00:00.000Z",
            "labels": Array [],
            "uri": "record(4)",
            "value": Object {
              "$type": "app.bsky.feed.post",
              "createdAt": "1970-01-01T00:00:00.000Z",
              "langs": Array [
                "en-US",
                "i-klingon",
              ],
              "text": "bob back at it again!",
            },
          },
        },
      },
      "indexedAt": "1970-01-01T00:00:00.000Z",
      "labels": Array [],
      "likeCount": 2,
      "record": Object {
        "$type": "app.bsky.feed.post",
        "createdAt": "1970-01-01T00:00:00.000Z",
        "embed": Object {
          "$type": "app.bsky.embed.recordWithMedia",
          "media": Object {
            "$type": "app.bsky.embed.images",
            "images": Array [
              Object {
                "alt": "tests/image/fixtures/key-landscape-small.jpg",
                "image": Object {
                  "$type": "blob",
                  "mimeType": "image/jpeg",
                  "ref": Object {
                    "$link": "cids(3)",
                  },
                  "size": 4114,
                },
              },
              Object {
                "alt": "tests/image/fixtures/key-alt.jpg",
                "image": Object {
                  "$type": "blob",
                  "mimeType": "image/jpeg",
                  "ref": Object {
                    "$link": "cids(4)",
                  },
                  "size": 12736,
                },
              },
            ],
          },
          "record": Object {
            "record": Object {
              "cid": "cids(5)",
              "uri": "record(4)",
            },
          },
        },
        "text": "hi im carol",
      },
      "replyCount": 0,
      "repostCount": 0,
      "uri": "record(1)",
      "viewer": Object {
        "like": "record(7)",
      },
    },
  },
  Object {
    "post": Object {
      "author": Object {
        "did": "user(2)",
        "handle": "carol.test",
        "labels": Array [],
        "viewer": Object {
          "blockedBy": false,
          "followedBy": "record(3)",
          "following": "record(2)",
          "muted": false,
        },
      },
      "cid": "cids(6)",
      "indexedAt": "1970-01-01T00:00:00.000Z",
      "labels": Array [],
      "likeCount": 0,
      "record": Object {
        "$type": "app.bsky.feed.post",
        "createdAt": "1970-01-01T00:00:00.000Z",
        "reply": Object {
          "parent": Object {
            "cid": "cids(7)",
            "uri": "record(9)",
          },
          "root": Object {
            "cid": "cids(7)",
            "uri": "record(9)",
          },
        },
        "text": "of course",
      },
      "replyCount": 0,
      "repostCount": 0,
      "uri": "record(8)",
      "viewer": Object {},
    },
    "reply": Object {
      "parent": Object {
        "$type": "app.bsky.feed.defs#postView",
        "author": Object {
          "avatar": "https://bsky.public.url/image/sig()/rs:fill:1000:1000:1:0/plain/user(1)/cids(1)@jpeg",
          "did": "user(0)",
          "displayName": "ali",
          "handle": "alice.test",
          "labels": Array [],
          "viewer": Object {
            "blockedBy": false,
            "muted": false,
          },
        },
        "cid": "cids(7)",
        "indexedAt": "1970-01-01T00:00:00.000Z",
        "labels": Array [],
        "likeCount": 3,
        "record": Object {
          "$type": "app.bsky.feed.post",
          "createdAt": "1970-01-01T00:00:00.000000Z",
          "text": "again",
        },
        "replyCount": 2,
        "repostCount": 1,
        "uri": "record(9)",
        "viewer": Object {},
      },
      "root": Object {
        "$type": "app.bsky.feed.defs#postView",
        "author": Object {
          "avatar": "https://bsky.public.url/image/sig()/rs:fill:1000:1000:1:0/plain/user(1)/cids(1)@jpeg",
          "did": "user(0)",
          "displayName": "ali",
          "handle": "alice.test",
          "labels": Array [],
          "viewer": Object {
            "blockedBy": false,
            "muted": false,
          },
        },
        "cid": "cids(7)",
        "indexedAt": "1970-01-01T00:00:00.000Z",
        "labels": Array [],
        "likeCount": 3,
        "record": Object {
          "$type": "app.bsky.feed.post",
          "createdAt": "1970-01-01T00:00:00.000000Z",
          "text": "again",
        },
        "replyCount": 2,
        "repostCount": 1,
        "uri": "record(9)",
        "viewer": Object {},
      },
    },
  },
]
`;

exports[`feed generation getFeedGenerator describes a feed gen & returns online status 1`] = `
Object {
  "isOnline": true,
  "isValid": true,
  "view": Object {
    "cid": "cids(0)",
    "creator": Object {
      "avatar": "https://bsky.public.url/image/sig()/rs:fill:1000:1000:1:0/plain/user(2)/cids(1)@jpeg",
      "did": "user(1)",
      "displayName": "ali",
      "handle": "alice.test",
      "labels": Array [],
      "viewer": Object {
        "blockedBy": false,
        "followedBy": "record(2)",
        "following": "record(1)",
        "muted": false,
      },
    },
    "description": "Provides all feed candidates",
    "did": "user(0)",
    "displayName": "All",
    "indexedAt": "1970-01-01T00:00:00.000Z",
    "likeCount": 2,
    "uri": "record(0)",
    "viewer": Object {
      "like": "record(3)",
    },
  },
}
`;

exports[`feed generation getFeedGenerators describes multiple feed gens 1`] = `
Object {
  "feeds": Array [
    Object {
      "cid": "cids(0)",
      "creator": Object {
        "avatar": "https://bsky.public.url/image/sig()/rs:fill:1000:1000:1:0/plain/user(2)/cids(1)@jpeg",
        "did": "user(1)",
        "displayName": "ali",
        "handle": "alice.test",
        "labels": Array [],
        "viewer": Object {
          "blockedBy": false,
          "followedBy": "record(2)",
          "following": "record(1)",
          "muted": false,
        },
      },
      "description": "Provides all feed candidates",
      "did": "user(0)",
      "displayName": "All",
      "indexedAt": "1970-01-01T00:00:00.000Z",
      "likeCount": 2,
      "uri": "record(0)",
      "viewer": Object {
        "like": "record(3)",
      },
    },
    Object {
      "cid": "cids(2)",
      "creator": Object {
        "avatar": "https://bsky.public.url/image/sig()/rs:fill:1000:1000:1:0/plain/user(2)/cids(1)@jpeg",
        "did": "user(1)",
        "displayName": "ali",
        "handle": "alice.test",
        "labels": Array [],
        "viewer": Object {
          "blockedBy": false,
          "followedBy": "record(2)",
          "following": "record(1)",
          "muted": false,
        },
      },
      "description": "Provides even-indexed feed candidates",
      "did": "user(0)",
      "displayName": "Even",
      "indexedAt": "1970-01-01T00:00:00.000Z",
      "likeCount": 0,
      "uri": "record(4)",
      "viewer": Object {},
    },
  ],
}
`;
